\BOOKMARK [1][-]{section*.2}{\376\377\000A\000b\000s\000t\000r\000a\000c\000t}{}% 1
\BOOKMARK [1][-]{section*.3}{\376\377\000I\000n\000t\000r\000o\000d\000u\000c\000t\000i\000o\000n}{}% 2
\BOOKMARK [2][-]{section*.4}{\376\377\000S\000t\000a\000t\000i\000s\000t\000i\000c\000a\000l\000\040\000l\000e\000a\000r\000n\000i\000n\000g}{section*.3}% 3
\BOOKMARK [2][-]{section*.5}{\376\377\000B\000i\000l\000i\000n\000g\000u\000a\000l\000\040\000s\000t\000a\000t\000i\000s\000t\000i\000c\000a\000l\000\040\000l\000e\000a\000r\000n\000i\000n\000g}{section*.3}% 4
\BOOKMARK [2][-]{section*.6}{\376\377\000L\000i\000m\000i\000t\000a\000t\000i\000o\000n\000s\000\040\000t\000o\000\040\000t\000h\000e\000\040\000c\000u\000r\000r\000e\000n\000t\000\040\000l\000i\000t\000e\000r\000a\000t\000u\000r\000e}{section*.3}% 5
\BOOKMARK [2][-]{section*.7}{\376\377\000T\000h\000e\000\040\000c\000u\000r\000r\000e\000n\000t\000\040\000s\000t\000u\000d\000y}{section*.3}% 6
\BOOKMARK [1][-]{section*.8}{\376\377\000E\000x\000p\000e\000r\000i\000m\000e\000n\000t\000\040\0001}{}% 7
\BOOKMARK [2][-]{section*.9}{\376\377\000M\000e\000t\000h\000o\000d\000s}{section*.8}% 8
\BOOKMARK [3][-]{section*.10}{\376\377\000P\000a\000r\000t\000i\000c\000i\000p\000a\000n\000t\000s}{section*.9}% 9
\BOOKMARK [3][-]{section*.11}{\376\377\000S\000t\000i\000m\000u\000l\000i}{section*.9}% 10
\BOOKMARK [3][-]{section*.15}{\376\377\000P\000r\000o\000c\000e\000d\000u\000r\000e}{section*.9}% 11
\BOOKMARK [3][-]{section*.16}{\376\377\000A\000n\000a\000l\000y\000s\000i\000s}{section*.9}% 12
\BOOKMARK [2][-]{section*.19}{\376\377\000R\000e\000s\000u\000l\000t\000s}{section*.8}% 13
\BOOKMARK [3][-]{section*.20}{\376\377\000P\000a\000r\000t\000i\000c\000i\000p\000a\000n\000t\000s}{section*.19}% 14
\BOOKMARK [3][-]{section*.21}{\376\377\000T\000e\000s\000t\000i\000n\000g\000\040\000e\000r\000r\000o\000r}{section*.19}% 15
\BOOKMARK [3][-]{section*.22}{\376\377\000G\000r\000o\000u\000p\000-\000l\000e\000v\000e\000l\000\040\000a\000n\000a\000l\000y\000s\000e\000s}{section*.19}% 16
\BOOKMARK [3][-]{section*.26}{\376\377\000I\000n\000d\000i\000v\000i\000d\000u\000a\000l\000\040\000d\000i\000f\000f\000e\000r\000e\000n\000c\000e\000s\000\040\000a\000n\000a\000l\000y\000s\000e\000s}{section*.19}% 17
\BOOKMARK [2][-]{section*.30}{\376\377\000D\000i\000s\000c\000u\000s\000s\000i\000o\000n}{section*.8}% 18
\BOOKMARK [1][-]{section*.31}{\376\377\000E\000x\000p\000e\000r\000i\000m\000e\000n\000t\000\040\0002}{}% 19
\BOOKMARK [2][-]{section*.32}{\376\377\000M\000e\000t\000h\000o\000d\000s}{section*.31}% 20
\BOOKMARK [3][-]{section*.33}{\376\377\000P\000a\000r\000t\000i\000c\000i\000p\000a\000n\000t\000s}{section*.32}% 21
\BOOKMARK [3][-]{section*.34}{\376\377\000S\000t\000i\000m\000u\000l\000i}{section*.32}% 22
\BOOKMARK [3][-]{section*.35}{\376\377\000P\000r\000o\000c\000e\000d\000u\000r\000e}{section*.32}% 23
\BOOKMARK [3][-]{section*.37}{\376\377\000A\000n\000a\000l\000y\000s\000i\000s}{section*.32}% 24
\BOOKMARK [2][-]{section*.38}{\376\377\000R\000e\000s\000u\000l\000t\000s}{section*.31}% 25
\BOOKMARK [3][-]{section*.39}{\376\377\000P\000a\000r\000t\000i\000c\000i\000p\000a\000n\000t\000s}{section*.38}% 26
\BOOKMARK [3][-]{section*.40}{\376\377\000G\000r\000o\000u\000p\000-\000l\000e\000v\000e\000l\000\040\000a\000n\000a\000l\000y\000s\000e\000s}{section*.38}% 27
\BOOKMARK [3][-]{section*.44}{\376\377\000I\000n\000d\000i\000v\000i\000d\000u\000a\000l\000\040\000d\000i\000f\000f\000e\000r\000e\000n\000c\000e\000s\000\040\000a\000n\000a\000l\000y\000s\000e\000s}{section*.38}% 28
\BOOKMARK [2][-]{section*.53}{\376\377\000D\000i\000s\000c\000u\000s\000s\000i\000o\000n}{section*.31}% 29
\BOOKMARK [1][-]{section*.54}{\376\377\000E\000x\000p\000e\000r\000i\000m\000e\000n\000t\000\040\0003}{}% 30
\BOOKMARK [2][-]{section*.55}{\376\377\000M\000e\000t\000h\000o\000d\000s}{section*.54}% 31
\BOOKMARK [3][-]{section*.56}{\376\377\000P\000a\000r\000t\000i\000c\000i\000p\000a\000n\000t\000s}{section*.55}% 32
\BOOKMARK [3][-]{section*.57}{\376\377\000S\000t\000i\000m\000u\000l\000i}{section*.55}% 33
\BOOKMARK [3][-]{section*.58}{\376\377\000P\000r\000o\000c\000e\000d\000u\000r\000e}{section*.55}% 34
\BOOKMARK [3][-]{section*.59}{\376\377\000A\000n\000a\000l\000y\000s\000i\000s}{section*.55}% 35
\BOOKMARK [2][-]{section*.60}{\376\377\000R\000e\000s\000u\000l\000t\000s}{section*.54}% 36
\BOOKMARK [3][-]{section*.61}{\376\377\000P\000a\000r\000t\000i\000c\000i\000p\000a\000n\000t\000s}{section*.60}% 37
\BOOKMARK [3][-]{section*.62}{\376\377\000G\000r\000o\000u\000p\000-\000l\000e\000v\000e\000l\000\040\000a\000n\000a\000l\000y\000s\000e\000s}{section*.60}% 38
\BOOKMARK [3][-]{section*.66}{\376\377\000I\000n\000d\000i\000v\000i\000d\000u\000a\000l\000\040\000d\000i\000f\000f\000e\000r\000e\000n\000c\000e\000s\000\040\000a\000n\000a\000l\000y\000s\000e\000s}{section*.60}% 39
\BOOKMARK [2][-]{section*.75}{\376\377\000D\000i\000s\000c\000u\000s\000s\000i\000o\000n}{section*.54}% 40
\BOOKMARK [1][-]{section*.76}{\376\377\000G\000e\000n\000e\000r\000a\000l\000\040\000D\000i\000s\000c\000u\000s\000s\000i\000o\000n}{}% 41
\BOOKMARK [2][-]{section*.77}{\376\377\000C\000r\000e\000a\000t\000i\000o\000n\000\040\000o\000f\000\040\000a\000\040\000n\000o\000v\000e\000l\000\040\000i\000m\000p\000l\000i\000c\000i\000t\000\040\000b\000i\000l\000i\000n\000g\000u\000a\000l\000\040\000S\000L\000\040\000t\000a\000s\000k}{section*.76}% 42
\BOOKMARK [2][-]{section*.79}{\376\377\000M\000u\000l\000t\000i\000l\000i\000n\000g\000u\000a\000l\000\040\000v\000a\000r\000i\000a\000b\000l\000e\000s}{section*.76}% 43
\BOOKMARK [2][-]{section*.80}{\376\377\000L\000i\000m\000i\000t\000a\000t\000i\000o\000n\000s}{section*.76}% 44
\BOOKMARK [2][-]{section*.81}{\376\377\000F\000u\000t\000u\000r\000e\000\040\000d\000i\000r\000e\000c\000t\000i\000o\000n\000s}{section*.76}% 45
\BOOKMARK [1][-]{section*.82}{\376\377\000C\000o\000n\000c\000l\000u\000s\000i\000o\000n}{}% 46
\BOOKMARK [1][-]{section*.83}{\376\377\000S\000u\000p\000p\000l\000e\000m\000e\000n\000t\000a\000r\000y\000\040\000M\000a\000t\000e\000r\000i\000a\000l\000s}{}% 47
\BOOKMARK [1][-]{section*.130}{\376\377\000B\000i\000b\000l\000i\000o\000g\000r\000a\000p\000h\000y}{}% 48
