This is pdfTeX, Version 3.141592653-2.6-1.40.28 (TeX Live 2025) (preloaded format=pdflatex 2025.11.17)  21 JUL 2026 15:18
entering extended mode
 restricted \write18 enabled.
 file:line:error style messages enabled.
 %&-line parsing enabled.
**"c:/Users/annal/Documents/Me/SISSA/BASL/BASL writing/BASL_LaTeX/main.tex"
(c:/Users/annal/Documents/Me/SISSA/BASL/BASL writing/BASL_LaTeX/main.tex
LaTeX2e <2025-11-01>
L3 programming layer <2025-11-06>
(c:/texlive/2025/texmf-dist/tex/latex/base/article.cls
Document Class: article 2025/01/22 v1.4n Standard LaTeX document class
(c:/texlive/2025/texmf-dist/tex/latex/base/size11.clo
File: size11.clo 2025/01/22 v1.4n Standard LaTeX file (size option)
)
\c@part=\count275
\c@section=\count276
\c@subsection=\count277
\c@subsubsection=\count278
\c@paragraph=\count279
\c@subparagraph=\count280
\c@figure=\count281
\c@table=\count282
\abovecaptionskip=\skip49
\belowcaptionskip=\skip50
\bibindent=\dimen148
) (c:/texlive/2025/texmf-dist/tex/latex/ragged2e/ragged2e.sty
Package: ragged2e 2023/06/22 v3.6 ragged2e Package
 (c:/texlive/2025/texmf-dist/tex/latex/footmisc/footmisc.sty
Package: footmisc 2025/05/09 v7.0b a miscellany of footnote facilities
\FN@temptoken=\toks17
\footnotemargin=\dimen149
Package footmisc Info: Declaring symbol style bringhurst on input line 549.
Package footmisc Info: Declaring symbol style chicago on input line 557.
Package footmisc Info: Declaring symbol style wiley on input line 566.
Package footmisc Info: Declaring symbol style lamport-robust on input line 577.
Package footmisc Info: Declaring symbol style lamport* on input line 597.
Package footmisc Info: Declaring symbol style lamport*-robust on input line 618.
)
\CenteringLeftskip=\skip51
\RaggedLeftLeftskip=\skip52
\RaggedRightLeftskip=\skip53
\CenteringRightskip=\skip54
\RaggedLeftRightskip=\skip55
\RaggedRightRightskip=\skip56
\CenteringParfillskip=\skip57
\RaggedLeftParfillskip=\skip58
\RaggedRightParfillskip=\skip59
\JustifyingParfillskip=\skip60
\CenteringParindent=\skip61
\RaggedLeftParindent=\skip62
\RaggedRightParindent=\skip63
\JustifyingParindent=\skip64
) (c:/texlive/2025/texmf-dist/tex/latex/base/inputenc.sty
Package: inputenc 2024/02/08 v1.3d Input encoding file
\inpenc@prehook=\toks18
\inpenc@posthook=\toks19
) (c:/texlive/2025/texmf-dist/tex/latex/graphics/graphicx.sty
Package: graphicx 2024/12/31 v1.2e Enhanced LaTeX Graphics (DPC,SPQR)
 (c:/texlive/2025/texmf-dist/tex/latex/graphics/keyval.sty
Package: keyval 2022/05/29 v1.15 key=value parser (DPC)
\KV@toks@=\toks20
) (c:/texlive/2025/texmf-dist/tex/latex/graphics/graphics.sty
Package: graphics 2024/08/06 v1.4g Standard LaTeX Graphics (DPC,SPQR)
 (c:/texlive/2025/texmf-dist/tex/latex/graphics/trig.sty
Package: trig 2023/12/02 v1.11 sin cos tan (DPC)
) (c:/texlive/2025/texmf-dist/tex/latex/graphics-cfg/graphics.cfg
File: graphics.cfg 2016/06/04 v1.11 sample graphics configuration
)
Package graphics Info: Driver file: pdftex.def on input line 106.
 (c:/texlive/2025/texmf-dist/tex/latex/graphics-def/pdftex.def
File: pdftex.def 2025/09/29 v1.2d Graphics/color driver for pdftex
))
\Gin@req@height=\dimen150
\Gin@req@width=\dimen151
) (c:/texlive/2025/texmf-dist/tex/latex/adjustbox/adjustbox.sty
Package: adjustbox 2025/02/26 v1.3c Adjusting TeX boxes (trim, clip, ...)
 (c:/texlive/2025/texmf-dist/tex/latex/xkeyval/xkeyval.sty
Package: xkeyval 2025/11/04 v2.10 package option processing (HA)
 (c:/texlive/2025/texmf-dist/tex/generic/xkeyval/xkeyval.tex (c:/texlive/2025/texmf-dist/tex/generic/xkeyval/xkvutils.tex
\XKV@toks=\toks21
\XKV@tempa@toks=\toks22
\XKV@tempb@toks=\toks23
)
\XKV@depth=\count283
File: xkeyval.tex 2014/12/03 v2.7a key=value parser (HA)
)) (c:/texlive/2025/texmf-dist/tex/latex/adjustbox/adjcalc.sty
Package: adjcalc 2012/05/16 v1.1 Provides advanced setlength with multiple back-ends (calc, etex, pgfmath)
) (c:/texlive/2025/texmf-dist/tex/latex/adjustbox/trimclip.sty
Package: trimclip 2025/02/21 v1.2a Trim and clip general TeX material
 (c:/texlive/2025/texmf-dist/tex/latex/collectbox/collectbox.sty
Package: collectbox 2022/10/17 v0.4c Collect macro arguments as boxes
\collectedbox=\box53
)
\tc@llx=\dimen152
\tc@lly=\dimen153
\tc@urx=\dimen154
\tc@ury=\dimen155
Package trimclip Info: Using driver 'tc-pdftex.def'.
 (c:/texlive/2025/texmf-dist/tex/latex/adjustbox/tc-pdftex.def
File: tc-pdftex.def 2025/02/26 v2.3 Clipping driver for pdftex
))
\adjbox@Width=\dimen156
\adjbox@Height=\dimen157
\adjbox@Depth=\dimen158
\adjbox@Totalheight=\dimen159
\adjbox@pwidth=\dimen160
\adjbox@pheight=\dimen161
\adjbox@pdepth=\dimen162
\adjbox@ptotalheight=\dimen163
 (c:/texlive/2025/texmf-dist/tex/latex/ifoddpage/ifoddpage.sty
Package: ifoddpage 2022/10/18 v1.2 Conditionals for odd/even page detection
\c@checkoddpage=\count284
) (c:/texlive/2025/texmf-dist/tex/latex/varwidth/varwidth.sty
Package: varwidth 2009/03/30 ver 0.92;  Variable-width minipages
\@vwid@box=\box54
\sift@deathcycles=\count285
\@vwid@loff=\dimen164
\@vwid@roff=\dimen165
)
==> First Aid for varwidth.sty applied!
) (c:/texlive/2025/texmf-dist/tex/latex/parskip/parskip.sty
Package: parskip 2021-03-14 v2.0h non-zero parskip adjustments
 (c:/texlive/2025/texmf-dist/tex/latex/kvoptions/kvoptions.sty
Package: kvoptions 2022-06-15 v3.15 Key value format for package options (HO)
 (c:/texlive/2025/texmf-dist/tex/generic/ltxcmds/ltxcmds.sty
Package: ltxcmds 2023-12-04 v1.26 LaTeX kernel commands for general use (HO)
) (c:/texlive/2025/texmf-dist/tex/latex/kvsetkeys/kvsetkeys.sty
Package: kvsetkeys 2022-10-05 v1.19 Key value parser (HO)
)) (c:/texlive/2025/texmf-dist/tex/latex/etoolbox/etoolbox.sty
Package: etoolbox 2025/10/02 v2.5m e-TeX tools for LaTeX (JAW)
\etb@tempcnta=\count286
)) (c:/texlive/2025/texmf-dist/tex/latex/setspace/setspace.sty
Package: setspace 2022/12/04 v6.7b set line spacing
) (c:/texlive/2025/texmf-dist/tex/generic/babel/babel.sty
Package: babel 2025/11/09 v25.15 The multilingual framework for LuaLaTeX, pdfLaTeX and XeLaTeX
\babel@savecnt=\count287
LaTeX Encoding Info:    Redeclaring text command \ij (encoding OT1) on input line 2050.
LaTeX Encoding Info:    Redeclaring text command \IJ (encoding OT1) on input line 2052.
LaTeX Encoding Info:    Redeclaring text command \ij (encoding T1) on input line 2054.
LaTeX Encoding Info:    Redeclaring text command \IJ (encoding T1) on input line 2055.
LaTeX Encoding Info:    Ignoring declaration for text command \ij (encoding ?) on input line 2056.
LaTeX Encoding Info:    Ignoring declaration for text command \IJ (encoding ?) on input line 2058.
LaTeX Encoding Info:    Ignoring declaration for text command \SS (encoding ?) on input line 2083.
\U@D=\dimen166
\l@unhyphenated=\language90
 (c:/texlive/2025/texmf-dist/tex/generic/babel/txtbabel.def)
\bbl@readstream=\read2
\bbl@dirlevel=\count288
 (c:/texlive/2025/texmf-dist/tex/generic/babel/locale/en/babel-english.tex)
Package babel Info: Importing font and identification data for english
(babel)             from babel-en.ini. Reported on input line 4298.
 (c:/texlive/2025/texmf-dist/tex/generic/babel-english/english.ldf
Language: english 2017/06/06 v3.3r English support from the babel system
Package babel Info: Hyphen rules for 'canadian' set to \l@english
(babel)             (\language0). Reported on input line 102.
Package babel Info: Hyphen rules for 'australian' set to \l@ukenglish
(babel)             (\language22). Reported on input line 105.
Package babel Info: Hyphen rules for 'newzealand' set to \l@ukenglish
(babel)             (\language22). Reported on input line 108.
)) (c:/texlive/2025/texmf-dist/tex/latex/csquotes/csquotes.sty
Package: csquotes 2024-04-04 v5.2o context-sensitive quotations (JAW)
\csq@reset=\count289
\csq@gtype=\count290
\csq@glevel=\count291
\csq@qlevel=\count292
\csq@maxlvl=\count293
\csq@tshold=\count294
\csq@ltx@everypar=\toks24
 (c:/texlive/2025/texmf-dist/tex/latex/csquotes/csquotes.def
File: csquotes.def 2024-04-04 v5.2o csquotes generic definitions (JAW)
)
Package csquotes Info: Trying to load configuration file 'csquotes.cfg'...
Package csquotes Info: ... configuration file loaded successfully.
 (c:/texlive/2025/texmf-dist/tex/latex/csquotes/csquotes.cfg
File: csquotes.cfg 
)
Package csquotes Info: Enabling multilingual quotes.
) (c:/texlive/2025/texmf-dist/tex/latex/geometry/geometry.sty
Package: geometry 2020/01/02 v5.9 Page Geometry
 (c:/texlive/2025/texmf-dist/tex/generic/iftex/ifvtex.sty
Package: ifvtex 2019/10/25 v1.7 ifvtex legacy package. Use iftex instead.
 (c:/texlive/2025/texmf-dist/tex/generic/iftex/iftex.sty
Package: iftex 2024/12/12 v1.0g TeX engine tests
))
\Gm@cnth=\count295
\Gm@cntv=\count296
\c@Gm@tempcnt=\count297
\Gm@bindingoffset=\dimen167
\Gm@wd@mp=\dimen168
\Gm@odd@mp=\dimen169
\Gm@even@mp=\dimen170
\Gm@layoutwidth=\dimen171
\Gm@layoutheight=\dimen172
\Gm@layouthoffset=\dimen173
\Gm@layoutvoffset=\dimen174
\Gm@dimlist=\toks25
) (c:/texlive/2025/texmf-dist/tex/latex/tocbibind/tocbibind.sty
Package: tocbibind 2010/10/13 v1.5k extra ToC listings
Package tocbibind Info: The document has section divisions on input line 50.


Package tocbibind Note: Using section or other style headings.

) (c:/texlive/2025/texmf-dist/tex/latex/subfig/subfig.sty
Package: subfig 2005/06/28 ver: 1.3 subfig package
 (c:/texlive/2025/texmf-dist/tex/latex/caption/caption.sty
Package: caption 2023/08/05 v3.6o Customizing captions (AR)
 (c:/texlive/2025/texmf-dist/tex/latex/caption/caption3.sty
Package: caption3 2023/07/31 v2.4d caption3 kernel (AR)
\caption@tempdima=\dimen175
\captionmargin=\dimen176
\caption@leftmargin=\dimen177
\caption@rightmargin=\dimen178
\caption@width=\dimen179
\caption@indent=\dimen180
\caption@parindent=\dimen181
\caption@hangindent=\dimen182
Package caption Info: Standard document class detected.
)
\c@caption@flags=\count298
\c@continuedfloat=\count299
)
\c@KVtest=\count300
\sf@farskip=\skip65
\sf@captopadj=\dimen183
\sf@capskip=\skip66
\sf@nearskip=\skip67
\c@subfigure=\count301
\c@subfigure@save=\count302
\c@lofdepth=\count303
\c@subtable=\count304
\c@subtable@save=\count305
\c@lotdepth=\count306
\sf@top=\skip68
\sf@bottom=\skip69
) (c:/texlive/2025/texmf-dist/tex/latex/amsmath/amsmath.sty
Package: amsmath 2025/07/09 v2.17z AMS math features
\@mathmargin=\skip70

For additional information on amsmath, use the `?' option.
(c:/texlive/2025/texmf-dist/tex/latex/amsmath/amstext.sty
Package: amstext 2024/11/17 v2.01 AMS text
 (c:/texlive/2025/texmf-dist/tex/latex/amsmath/amsgen.sty
File: amsgen.sty 1999/11/30 v2.0 generic functions
\@emptytoks=\toks26
\ex@=\dimen184
)) (c:/texlive/2025/texmf-dist/tex/latex/amsmath/amsbsy.sty
Package: amsbsy 1999/11/29 v1.2d Bold Symbols
\pmbraise@=\dimen185
) (c:/texlive/2025/texmf-dist/tex/latex/amsmath/amsopn.sty
Package: amsopn 2022/04/08 v2.04 operator names
)
\inf@bad=\count307
LaTeX Info: Redefining \frac on input line 233.
\uproot@=\count308
\leftroot@=\count309
LaTeX Info: Redefining \overline on input line 398.
LaTeX Info: Redefining \colon on input line 409.
\classnum@=\count310
\DOTSCASE@=\count311
LaTeX Info: Redefining \ldots on input line 495.
LaTeX Info: Redefining \dots on input line 498.
LaTeX Info: Redefining \cdots on input line 619.
\Mathstrutbox@=\box55
\strutbox@=\box56
LaTeX Info: Redefining \big on input line 721.
LaTeX Info: Redefining \Big on input line 722.
LaTeX Info: Redefining \bigg on input line 723.
LaTeX Info: Redefining \Bigg on input line 724.
\big@size=\dimen186
LaTeX Font Info:    Redeclaring font encoding OML on input line 742.
LaTeX Font Info:    Redeclaring font encoding OMS on input line 743.
\macc@depth=\count312
LaTeX Info: Redefining \bmod on input line 904.
LaTeX Info: Redefining \pmod on input line 909.
LaTeX Info: Redefining \smash on input line 939.
LaTeX Info: Redefining \relbar on input line 969.
LaTeX Info: Redefining \Relbar on input line 970.
\c@MaxMatrixCols=\count313
\dotsspace@=\muskip17
\c@parentequation=\count314
\dspbrk@lvl=\count315
\tag@help=\toks27
\row@=\count316
\column@=\count317
\maxfields@=\count318
\andhelp@=\toks28
\eqnshift@=\dimen187
\alignsep@=\dimen188
\tagshift@=\dimen189
\tagwidth@=\dimen190
\totwidth@=\dimen191
\lineht@=\dimen192
\@envbody=\toks29
\multlinegap=\skip71
\multlinetaggap=\skip72
\mathdisplay@stack=\toks30
LaTeX Info: Redefining \[ on input line 2950.
LaTeX Info: Redefining \] on input line 2951.
) (c:/texlive/2025/texmf-dist/tex/latex/microtype/microtype.sty
Package: microtype 2025/07/09 v3.2b Micro-typographical refinements (RS)
\MT@toks=\toks31
\MT@tempbox=\box57
\MT@count=\count319
LaTeX Info: Redefining \noprotrusionifhmode on input line 1087.
LaTeX Info: Redefining \leftprotrusion on input line 1088.
\MT@prot@toks=\toks32
LaTeX Info: Redefining \rightprotrusion on input line 1107.
LaTeX Info: Redefining \textls on input line 1449.
\MT@outer@kern=\dimen193
LaTeX Info: Redefining \microtypecontext on input line 2053.
LaTeX Info: Redefining \textmicrotypecontext on input line 2070.
\MT@listname@count=\count320
 (c:/texlive/2025/texmf-dist/tex/latex/microtype/microtype-pdftex.def
File: microtype-pdftex.def 2025/07/09 v3.2b Definitions specific to pdftex (RS)
LaTeX Info: Redefining \lsstyle on input line 944.
LaTeX Info: Redefining \lslig on input line 944.
\MT@outer@space=\skip73
)
Package microtype Info: Loading configuration file microtype.cfg.
 (c:/texlive/2025/texmf-dist/tex/latex/microtype/microtype.cfg
File: microtype.cfg 2025/07/09 v3.2b microtype main configuration file (RS)
)
LaTeX Info: Redefining \microtypesetup on input line 3065.
) (c:/texlive/2025/texmf-dist/tex/latex/underscore/underscore.sty
Package: underscore 2006/09/13
LaTeX Info: Redefining \_ on input line 42.
)
==> First Aid for underscore.sty applied!
(c:/texlive/2025/texmf-dist/tex/latex/firstaid/underscore-ltx.sty
Package: underscore-ltx 2023/09/20 LaTeX firstaid to make underscore protected 
) (c:/texlive/2025/texmf-dist/tex/latex/tools/array.sty
Package: array 2025/09/25 v2.6n Tabular extension package (FMi)
\col@sep=\dimen194
\ar@mcellbox=\box58
\extrarowheight=\dimen195
\NC@list=\toks33
\extratabsurround=\skip74
\backup@length=\skip75
\ar@cellbox=\box59
) (c:/texlive/2025/texmf-dist/tex/latex/tools/tabularx.sty
Package: tabularx 2023/12/11 v2.12a `tabularx' package (DPC)
\TX@col@width=\dimen196
\TX@old@table=\dimen197
\TX@old@col=\dimen198
\TX@target=\dimen199
\TX@delta=\dimen256
\TX@cols=\count321
\TX@ftn=\toks34
) (c:/texlive/2025/texmf-dist/tex/latex/booktabs/booktabs.sty
Package: booktabs 2020/01/12 v1.61803398 Publication quality tables
\heavyrulewidth=\dimen257
\lightrulewidth=\dimen258
\cmidrulewidth=\dimen259
\belowrulesep=\dimen260
\belowbottomsep=\dimen261
\aboverulesep=\dimen262
\abovetopsep=\dimen263
\cmidrulesep=\dimen264
\cmidrulekern=\dimen265
\defaultaddspace=\dimen266
\@cmidla=\count322
\@cmidlb=\count323
\@aboverulesep=\dimen267
\@belowrulesep=\dimen268
\@thisruleclass=\count324
\@lastruleclass=\count325
\@thisrulewidth=\dimen269
) (c:/texlive/2025/texmf-dist/tex/latex/multirow/multirow.sty
Package: multirow 2024/11/12 v2.9 Span multiple rows of a table
\multirow@colwidth=\skip76
\multirow@cntb=\count326
\multirow@dima=\skip77
\bigstrutjot=\dimen270
) (c:/texlive/2025/texmf-dist/tex/latex/hyperref/hyperref.sty
Package: hyperref 2025-07-12 v7.01o Hypertext links for LaTeX
 (c:/texlive/2025/texmf-dist/tex/generic/kvdefinekeys/kvdefinekeys.sty
Package: kvdefinekeys 2019-12-19 v1.6 Define keys (HO)
) (c:/texlive/2025/texmf-dist/tex/generic/pdfescape/pdfescape.sty
Package: pdfescape 2019/12/09 v1.15 Implements pdfTeX's escape features (HO)
 (c:/texlive/2025/texmf-dist/tex/generic/pdftexcmds/pdftexcmds.sty
Package: pdftexcmds 2020-06-27 v0.33 Utility functions of pdfTeX for LuaTeX (HO)
 (c:/texlive/2025/texmf-dist/tex/generic/infwarerr/infwarerr.sty
Package: infwarerr 2019/12/03 v1.5 Providing info/warning/error messages (HO)
)
Package pdftexcmds Info: \pdf@primitive is available.
Package pdftexcmds Info: \pdf@ifprimitive is available.
Package pdftexcmds Info: \pdfdraftmode found.
)) (c:/texlive/2025/texmf-dist/tex/latex/hycolor/hycolor.sty
Package: hycolor 2020-01-27 v1.10 Color options for hyperref/bookmark (HO)
) (c:/texlive/2025/texmf-dist/tex/latex/hyperref/nameref.sty
Package: nameref 2025-06-21 v2.57 Cross-referencing by name of section
 (c:/texlive/2025/texmf-dist/tex/latex/refcount/refcount.sty
Package: refcount 2019/12/15 v3.6 Data extraction from label references (HO)
) (c:/texlive/2025/texmf-dist/tex/generic/gettitlestring/gettitlestring.sty
Package: gettitlestring 2019/12/15 v1.6 Cleanup title references (HO)
)
\c@section@level=\count327
) (c:/texlive/2025/texmf-dist/tex/generic/stringenc/stringenc.sty
Package: stringenc 2019/11/29 v1.12 Convert strings between diff. encodings (HO)
)
\@linkdim=\dimen271
\Hy@linkcounter=\count328
\Hy@pagecounter=\count329
 (c:/texlive/2025/texmf-dist/tex/latex/hyperref/pd1enc.def
File: pd1enc.def 2025-07-12 v7.01o Hyperref: PDFDocEncoding definition (HO)
Now handling font encoding PD1 ...
... no UTF-8 mapping file for font encoding PD1
) (c:/texlive/2025/texmf-dist/tex/generic/intcalc/intcalc.sty
Package: intcalc 2019/12/15 v1.3 Expandable calculations with integers (HO)
)
\Hy@SavedSpaceFactor=\count330
 (c:/texlive/2025/texmf-dist/tex/latex/hyperref/puenc.def
File: puenc.def 2025-07-12 v7.01o Hyperref: PDF Unicode definition (HO)
Now handling font encoding PU ...
... no UTF-8 mapping file for font encoding PU
)
Package hyperref Info: Option `colorlinks' set `true' on input line 4066.
Package hyperref Info: Hyper figures OFF on input line 4195.
Package hyperref Info: Link nesting OFF on input line 4200.
Package hyperref Info: Hyper index ON on input line 4203.
Package hyperref Info: Plain pages OFF on input line 4210.
Package hyperref Info: Backreferencing OFF on input line 4215.
Package hyperref Info: Implicit mode ON; LaTeX internals redefined.
Package hyperref Info: Bookmarks ON on input line 4462.
\c@Hy@tempcnt=\count331
 (c:/texlive/2025/texmf-dist/tex/latex/url/url.sty
\Urlmuskip=\muskip18
Package: url 2013/09/16  ver 3.4  Verb mode for urls, etc.
)
LaTeX Info: Redefining \url on input line 4801.
\XeTeXLinkMargin=\dimen272
 (c:/texlive/2025/texmf-dist/tex/generic/bitset/bitset.sty
Package: bitset 2019/12/09 v1.3 Handle bit-vector datatype (HO)
 (c:/texlive/2025/texmf-dist/tex/generic/bigintcalc/bigintcalc.sty
Package: bigintcalc 2019/12/15 v1.5 Expandable calculations on big integers (HO)
))
\Fld@menulength=\count332
\Field@Width=\dimen273
\Fld@charsize=\dimen274
Package hyperref Info: Hyper figures OFF on input line 6078.
Package hyperref Info: Link nesting OFF on input line 6083.
Package hyperref Info: Hyper index ON on input line 6086.
Package hyperref Info: backreferencing OFF on input line 6093.
Package hyperref Info: Link coloring ON on input line 6096.
Package hyperref Info: Link coloring with OCG OFF on input line 6103.
Package hyperref Info: PDF/A mode OFF on input line 6108.
\Hy@abspage=\count333
\c@Item=\count334
\c@Hfootnote=\count335
)
Package hyperref Info: Driver (autodetected): hpdftex.
 (c:/texlive/2025/texmf-dist/tex/latex/hyperref/hpdftex.def
File: hpdftex.def 2025-07-12 v7.01o Hyperref driver for pdfTeX
\Fld@listcount=\count336
\c@bookmark@seq@number=\count337
 (c:/texlive/2025/texmf-dist/tex/latex/rerunfilecheck/rerunfilecheck.sty
Package: rerunfilecheck 2025-06-21 v1.11 Rerun checks for auxiliary files (HO)
 (c:/texlive/2025/texmf-dist/tex/generic/uniquecounter/uniquecounter.sty
Package: uniquecounter 2019/12/15 v1.4 Provide unlimited unique counter (HO)
)
Package uniquecounter Info: New unique counter `rerunfilecheck' on input line 284.
)
\Hy@SectionHShift=\skip78
) (c:/texlive/2025/texmf-dist/tex/latex/cleveref/cleveref.sty
Package: cleveref 2018/03/27 v0.21.4 Intelligent cross-referencing
Package cleveref Info: `hyperref' support loaded on input line 2370.
LaTeX Info: Redefining \cref on input line 2370.
LaTeX Info: Redefining \Cref on input line 2370.
LaTeX Info: Redefining \crefrange on input line 2370.
LaTeX Info: Redefining \Crefrange on input line 2370.
LaTeX Info: Redefining \cpageref on input line 2370.
LaTeX Info: Redefining \Cpageref on input line 2370.
LaTeX Info: Redefining \cpagerefrange on input line 2370.
LaTeX Info: Redefining \Cpagerefrange on input line 2370.
LaTeX Info: Redefining \labelcref on input line 2370.
LaTeX Info: Redefining \labelcpageref on input line 2370.
Package cleveref Info: `subfig' support loaded on input line 3164.
Package cleveref Info: include cross-reference names in hyperlinks on input line 7836.
Package cleveref Info: include cross-reference names in hyperlinks on input line 7852.
Package cleveref Info: no abbreviation of names on input line 7852.
)
==> First Aid for cleveref.sty applied!
Package hyperref Info: Option `colorlinks' set `true' on input line 34.
(c:/texlive/2025/texmf-dist/tex/generic/ulem/ulem.sty
\UL@box=\box60
\UL@hyphenbox=\box61
\UL@skip=\skip79
\UL@hook=\toks35
\UL@height=\dimen275
\UL@pe=\count338
\UL@pixel=\dimen276
\ULC@box=\box62
Package: ulem 2019/11/18
\ULdepth=\dimen277
) (c:/texlive/2025/texmf-dist/tex/latex/biblatex/biblatex.sty
Package: biblatex 2025/07/10 v3.21 programmable bibliographies (PK/MW)
 (c:/texlive/2025/texmf-dist/tex/latex/logreq/logreq.sty
Package: logreq 2010/08/04 v1.0 xml request logger
\lrq@indent=\count339
 (c:/texlive/2025/texmf-dist/tex/latex/logreq/logreq.def
File: logreq.def 2010/08/04 v1.0 logreq spec v1.0
)) (c:/texlive/2025/texmf-dist/tex/latex/base/ifthen.sty
Package: ifthen 2024/03/16 v1.1e Standard LaTeX ifthen package (DPC)
)
\c@tabx@nest=\count340
\c@listtotal=\count341
\c@listcount=\count342
\c@liststart=\count343
\c@liststop=\count344
\c@citecount=\count345
\c@citetotal=\count346
\c@multicitecount=\count347
\c@multicitetotal=\count348
\c@instcount=\count349
\c@maxnames=\count350
\c@minnames=\count351
\c@maxitems=\count352
\c@minitems=\count353
\c@citecounter=\count354
\c@maxcitecounter=\count355
\c@savedcitecounter=\count356
\c@uniquelist=\count357
\c@uniquename=\count358
\c@refsection=\count359
\c@refsegment=\count360
\c@maxextratitle=\count361
\c@maxextratitleyear=\count362
\c@maxextraname=\count363
\c@maxextradate=\count364
\c@maxextraalpha=\count365
\c@abbrvpenalty=\count366
\c@highnamepenalty=\count367
\c@lownamepenalty=\count368
\c@maxparens=\count369
\c@parenlevel=\count370
\blx@tempcnta=\count371
\blx@tempcntb=\count372
\blx@tempcntc=\count373
\c@blx@maxsection=\count374
\blx@maxsegment@0=\count375
\blx@notetype=\count376
\blx@parenlevel@text=\count377
\blx@parenlevel@foot=\count378
\blx@sectionciteorder@0=\count379
\blx@sectionciteorderinternal@0=\count380
\blx@entrysetcounter=\count381
\blx@biblioinstance=\count382
\labelnumberwidth=\skip80
\labelalphawidth=\skip81
\biblabelsep=\skip82
\bibitemsep=\skip83
\bibnamesep=\skip84
\bibinitsep=\skip85
\bibparsep=\skip86
\bibhang=\skip87
\blx@bcfin=\read3
\blx@bcfout=\write3
\blx@langwohyphens=\language91
\c@mincomprange=\count383
\c@maxcomprange=\count384
\c@mincompwidth=\count385
Package biblatex Info: Trying to load biblatex default data model...
Package biblatex Info: ... file 'blx-dm.def' found.
 (c:/texlive/2025/texmf-dist/tex/latex/biblatex/blx-dm.def
File: blx-dm.def 2025/07/10 v3.21 biblatex datamodel (PK/MW)
)
Package biblatex Info: Trying to load biblatex style data model...
Package biblatex Info: ... file 'authoryear.dbx' not found.
Package biblatex Info: Trying to load biblatex custom data model...
Package biblatex Info: ... file 'biblatex-dm.cfg' not found.
\c@afterword=\count386
\c@savedafterword=\count387
\c@annotator=\count388
\c@savedannotator=\count389
\c@author=\count390
\c@savedauthor=\count391
\c@bookauthor=\count392
\c@savedbookauthor=\count393
\c@commentator=\count394
\c@savedcommentator=\count395
\c@editor=\count396
\c@savededitor=\count397
\c@editora=\count398
\c@savededitora=\count399
\c@editorb=\count400
\c@savededitorb=\count401
\c@editorc=\count402
\c@savededitorc=\count403
\c@foreword=\count404
\c@savedforeword=\count405
\c@holder=\count406
\c@savedholder=\count407
\c@introduction=\count408
\c@savedintroduction=\count409
\c@namea=\count410
\c@savednamea=\count411
\c@nameb=\count412
\c@savednameb=\count413
\c@namec=\count414
\c@savednamec=\count415
\c@translator=\count416
\c@savedtranslator=\count417
\c@shortauthor=\count418
\c@savedshortauthor=\count419
\c@shorteditor=\count420
\c@savedshorteditor=\count421
\c@labelname=\count422
\c@savedlabelname=\count423
\c@institution=\count424
\c@savedinstitution=\count425
\c@lista=\count426
\c@savedlista=\count427
\c@listb=\count428
\c@savedlistb=\count429
\c@listc=\count430
\c@savedlistc=\count431
\c@listd=\count432
\c@savedlistd=\count433
\c@liste=\count434
\c@savedliste=\count435
\c@listf=\count436
\c@savedlistf=\count437
\c@location=\count438
\c@savedlocation=\count439
\c@organization=\count440
\c@savedorganization=\count441
\c@origlocation=\count442
\c@savedoriglocation=\count443
\c@origpublisher=\count444
\c@savedorigpublisher=\count445
\c@publisher=\count446
\c@savedpublisher=\count447
\c@language=\count448
\c@savedlanguage=\count449
\c@origlanguage=\count450
\c@savedoriglanguage=\count451
\c@pageref=\count452
\c@savedpageref=\count453
\shorthandwidth=\skip88
\shortjournalwidth=\skip89
\shortserieswidth=\skip90
\shorttitlewidth=\skip91
\shortauthorwidth=\skip92
\shorteditorwidth=\skip93
\locallabelnumberwidth=\skip94
\locallabelalphawidth=\skip95
\localshorthandwidth=\skip96
\localshortjournalwidth=\skip97
\localshortserieswidth=\skip98
\localshorttitlewidth=\skip99
\localshortauthorwidth=\skip100
\localshorteditorwidth=\skip101
Package biblatex Info: Trying to load compatibility code...
Package biblatex Info: ... file 'blx-compat.def' found.
 (c:/texlive/2025/texmf-dist/tex/latex/biblatex/blx-compat.def
File: blx-compat.def 2025/07/10 v3.21 biblatex compatibility (PK/MW)
)
Package biblatex Info: Trying to load generic definitions...
Package biblatex Info: ... file 'biblatex.def' found.
 (c:/texlive/2025/texmf-dist/tex/latex/biblatex/biblatex.def
File: biblatex.def 2025/07/10 v3.21 biblatex compatibility (PK/MW)
\c@textcitecount=\count454
\c@textcitetotal=\count455
\c@textcitemaxnames=\count456
\c@biburlbigbreakpenalty=\count457
\c@biburlbreakpenalty=\count458
\c@biburlnumpenalty=\count459
\c@biburlucpenalty=\count460
\c@biburllcpenalty=\count461
\biburlbigskip=\muskip19
\biburlnumskip=\muskip20
\biburlucskip=\muskip21
\biburllcskip=\muskip22
\c@smartand=\count462
)
Package biblatex Info: Trying to load bibliography style 'authoryear'...
Package biblatex Info: ... file 'authoryear.bbx' found.
 (c:/texlive/2025/texmf-dist/tex/latex/biblatex/bbx/authoryear.bbx
File: authoryear.bbx 2025/07/10 v3.21 biblatex bibliography style (PK/MW)
Package biblatex Info: Trying to load bibliography style 'standard'...
Package biblatex Info: ... file 'standard.bbx' found.
 (c:/texlive/2025/texmf-dist/tex/latex/biblatex/bbx/standard.bbx
File: standard.bbx 2025/07/10 v3.21 biblatex bibliography style (PK/MW)
\c@bbx:relatedcount=\count463
\c@bbx:relatedtotal=\count464
))
Package biblatex Info: Trying to load citation style 'authoryear'...
Package biblatex Info: ... file 'authoryear.cbx' found.
 (c:/texlive/2025/texmf-dist/tex/latex/biblatex/cbx/authoryear.cbx
File: authoryear.cbx 2025/07/10 v3.21 biblatex citation style (PK/MW)
Package biblatex Info: Redefining '\cite'.
Package biblatex Info: Redefining '\parencite'.
Package biblatex Info: Redefining '\footcite'.
Package biblatex Info: Redefining '\footcitetext'.
Package biblatex Info: Redefining '\smartcite'.
Package biblatex Info: Redefining '\textcite'.
Package biblatex Info: Redefining '\textcites'.
)
Package biblatex Info: Trying to load configuration file...
Package biblatex Info: ... file 'biblatex.cfg' found.
 (c:/texlive/2025/texmf-dist/tex/latex/biblatex/biblatex.cfg
File: biblatex.cfg 
)
Package biblatex Info: Input encoding 'utf8' detected.
Package biblatex Info: Document encoding is UTF8 ....
 (c:/texlive/2025/texmf-dist/tex/latex/l3kernel/expl3.sty
Package: expl3 2025-11-06 L3 programming layer (loader) 
 (c:/texlive/2025/texmf-dist/tex/latex/l3backend/l3backend-pdftex.def
File: l3backend-pdftex.def 2025-10-09 L3 backend support: PDF output (pdfTeX)
\l__color_backend_stack_int=\count465
))
Package biblatex Info: ... and expl3
(biblatex)             2025-11-06 L3 programming layer (loader) 
(biblatex)             is new enough (at least 2020/04/06),
(biblatex)             setting 'casechanger=expl3'.
 (c:/texlive/2025/texmf-dist/tex/latex/biblatex/blx-case-expl3.sty (c:/texlive/2025/texmf-dist/tex/latex/l3packages/xparse/xparse.sty
Package: xparse 2025-10-09 L3 Experimental document command parser
)
Package: blx-case-expl3 2025/07/10 v3.21 expl3 case changing code for biblatex
)) (c:/texlive/2025/texmf-dist/tex/latex/xurl/xurl.sty
Package: xurl 2022/01/09 v 0.10 modify URL breaks

xurl: Set penalties for biblatex
)
Package csquotes Info: Checking for multilingual support...
Package csquotes Info: ... found 'babel' package.
 (./main.aux (./Sections/0 - Abstract.aux) (./Sections/1 - Introduction.aux) (./Sections/2 - Methods (1).aux) (./Sections/3 - Results (1).aux) (./Sections/4 - Discussion (1).aux) (./Sections/5 - Methods (2).aux) (./Sections/6 - Results (2).aux) (./Sections/7 - Discussion (2).aux) (./Sections/8 - Methods (3).aux) (./Sections/9 - Results (3).aux) (./Sections/10 - Discussion (3).aux) (./Sections/11 - General Discussion.aux) (./Sections/12 - Conclusion.aux) (./Sections/13 - Supplementary Materials.aux))
\openout1 = `main.aux'.

LaTeX Font Info:    Checking defaults for OML/cmm/m/it on input line 91.
LaTeX Font Info:    ... okay on input line 91.
LaTeX Font Info:    Checking defaults for OMS/cmsy/m/n on input line 91.
LaTeX Font Info:    ... okay on input line 91.
LaTeX Font Info:    Checking defaults for OT1/cmr/m/n on input line 91.
LaTeX Font Info:    ... okay on input line 91.
LaTeX Font Info:    Checking defaults for T1/cmr/m/n on input line 91.
LaTeX Font Info:    ... okay on input line 91.
LaTeX Font Info:    Checking defaults for TS1/cmr/m/n on input line 91.
LaTeX Font Info:    ... okay on input line 91.
LaTeX Font Info:    Checking defaults for OMX/cmex/m/n on input line 91.
LaTeX Font Info:    ... okay on input line 91.
LaTeX Font Info:    Checking defaults for U/cmr/m/n on input line 91.
LaTeX Font Info:    ... okay on input line 91.
LaTeX Font Info:    Checking defaults for PD1/pdf/m/n on input line 91.
LaTeX Font Info:    ... okay on input line 91.
LaTeX Font Info:    Checking defaults for PU/pdf/m/n on input line 91.
LaTeX Font Info:    ... okay on input line 91.
Package ragged2e Info: ABD: executing \RaggedRight on input line 91.
 (c:/texlive/2025/texmf-dist/tex/context/base/mkii/supp-pdf.mkii
[Loading MPS to PDF converter (version 2006.09.02).]
\scratchcounter=\count466
\scratchdimen=\dimen278
\scratchbox=\box63
\nofMPsegments=\count467
\nofMParguments=\count468
\everyMPshowfont=\toks36
\MPscratchCnt=\count469
\MPscratchDim=\dimen279
\MPnumerator=\count470
\makeMPintoPDFobject=\count471
\everyMPtoPDFconversion=\toks37
) (c:/texlive/2025/texmf-dist/tex/latex/epstopdf-pkg/epstopdf-base.sty
Package: epstopdf-base 2020-01-24 v2.11 Base part for package epstopdf
Package epstopdf-base Info: Redefining graphics rule for `.eps' on input line 485.
 (c:/texlive/2025/texmf-dist/tex/latex/latexconfig/epstopdf-sys.cfg
File: epstopdf-sys.cfg 2010/07/13 v1.3 Configuration of (r)epstopdf for TeX Live
))
*geometry* driver: auto-detecting
*geometry* detected driver: pdftex
*geometry* verbose mode - [ preamble ] result:
* driver: pdftex
* paper: <default>
* layout: <same size as paper>
* layoutoffset:(h,v)=(0.0pt,0.0pt)
* modes: 
* h-part:(L,W,R)=(91.04872pt, 432.19756pt, 91.04872pt)
* v-part:(T,H,B)=(91.04872pt, 612.87254pt, 91.04872pt)
* \paperwidth=614.295pt
* \paperheight=794.96999pt
* \textwidth=432.19756pt
* \textheight=612.87254pt
* \oddsidemargin=18.77873pt
* \evensidemargin=18.77873pt
* \topmargin=-18.22127pt
* \headheight=12.0pt
* \headsep=25.0pt
* \topskip=11.0pt
* \footskip=30.0pt
* \marginparwidth=59.0pt
* \marginparsep=10.0pt
* \columnsep=10.0pt
* \skip\footins=10.0pt plus 4.0pt minus 2.0pt
* \hoffset=0.0pt
* \voffset=0.0pt
* \mag=1000
* \@twocolumnfalse
* \@twosidefalse
* \@mparswitchfalse
* \@reversemarginfalse
* (1in=72.27pt=25.4mm, 1cm=28.453pt)

Package caption Info: Begin \AtBeginDocument code.
Package caption Info: subfig package v1.3 is loaded.
Package caption Info: hyperref package is loaded.
Package caption Info: End \AtBeginDocument code.
Package microtype Info: Patching varwidth to enable character protrusion.
\MT@vwid@leftmargin=\dimen280
\MT@vwid@rightmargin=\dimen281
LaTeX Info: Redefining \microtypecontext on input line 91.
Package microtype Info: Applying patch `item' on input line 91.
Package microtype Info: Applying patch `toc' on input line 91.
Package microtype Info: Applying patch `eqnum' on input line 91.
Package microtype Info: Applying patch `footnote' on input line 91.
Package microtype Info: Applying patch `verbatim' on input line 91.
LaTeX Info: Redefining \microtypesetup on input line 91.
Package microtype Info: Generating PDF output.
Package microtype Info: Character protrusion enabled (level 2).
Package microtype Info: Using default protrusion set `alltext'.
Package microtype Info: Automatic font expansion enabled (level 2),
(microtype)             stretch: 20, shrink: 20, step: 1, non-selected.
Package microtype Info: Using default expansion set `alltext-nott'.
Package microtype Info: Patching command `\showhyphens'.
Package microtype Info: No adjustment of tracking.
Package microtype Info: No adjustment of interword spacing.
Package microtype Info: No adjustment of character kerning.
(c:/texlive/2025/texmf-dist/tex/latex/microtype/mt-cmr.cfg
File: mt-cmr.cfg 2013/05/19 v2.2 microtype config. file: Computer Modern Roman (RS)
) (c:/texlive/2025/texmf-dist/tex/latex/graphics/color.sty
Package: color 2025/01/14 v1.3e Standard LaTeX Color (DPC)
 (c:/texlive/2025/texmf-dist/tex/latex/graphics-cfg/color.cfg
File: color.cfg 2016/01/02 v1.6 sample color configuration
)
Package color Info: Driver file: pdftex.def on input line 149.
 (c:/texlive/2025/texmf-dist/tex/latex/graphics/mathcolor.ltx))
Package hyperref Info: Link coloring ON on input line 91.
 (./main.out) (./main.out)
\@outlinefile=\write4
\openout4 = `main.out'.

Package biblatex Info: Trying to load language 'english'...
Package biblatex Info: ... file 'english.lbx' found.
 (c:/texlive/2025/texmf-dist/tex/latex/biblatex/lbx/english.lbx
File: english.lbx 2025/07/10 v3.21 biblatex localization (PK/MW)
)
Package biblatex Info: Input encoding 'utf8' detected.
Package biblatex Info: Automatic encoding selection.
(biblatex)             Assuming data encoding 'utf8'.
\openout3 = `main.bcf'.

Package biblatex Info: Trying to load bibliographic data...
Package biblatex Info: ... file 'main.bbl' found.
 (./main.bbl)
Package biblatex Info: Reference section=0 on input line 91.
Package biblatex Info: Reference segment=0 on input line 91.
 [1

{c:/texlive/2025/texmf-var/fonts/map/pdftex/updmap/pdftex.map}] (./main.toc
pdfTeX warning (ext4): destination with the same identifier (name{page.1}) has been already used, duplicate ignored
<to be read again> 
                   \relax 
l.33 ...e {\emph {Participants}}}{39}{section*.56}
                                                  % [1])
\tf@toc=\write5
\openout5 = `main.toc'.

 [2]
\openout2 = `"Sections/0 - Abstract.aux"'.

 (./Sections/0 - Abstract.tex) [3

]
\openout2 = `"Sections/1 - Introduction.aux"'.

 (./Sections/1 - Introduction.tex [4



] [5] [6] [7] [8]) [9]
\openout2 = `"Sections/2 - Methods (1).aux"'.

 (./Sections/2 - Methods (1).tex
<Figures/BACS1_example.png, id=360, 923.304pt x 350.181pt>
File: Figures/BACS1_example.png Graphic file (type png)
<use Figures/BACS1_example.png>
Package pdftex.def Info: Figures/BACS1_example.png  used on input line 20.
(pdftex.def)             Requested size: 259.32117pt x 98.35457pt.
 [10



]
<Figures/Testing_structure.png, id=375, 604.221pt x 336.822pt>
File: Figures/Testing_structure.png Graphic file (type png)
<use Figures/Testing_structure.png>
Package pdftex.def Info: Figures/Testing_structure.png  used on input line 34.
(pdftex.def)             Requested size: 259.32117pt x 144.55823pt.
 [11 <./Figures/BACS1_example.png>]
<Figures/testing_conditions.png, id=386, 423.83344pt x 259.7203pt>
File: Figures/testing_conditions.png Graphic file (type png)
<use Figures/testing_conditions.png>
Package pdftex.def Info: Figures/testing_conditions.png  used on input line 48.
(pdftex.def)             Requested size: 259.32117pt x 158.91263pt.
 [12 <./Figures/Testing_structure.png>] [13 <./Figures/testing_conditions.png>] [14] [15]
<Figures/cosine_similarity2D.png, id=421, 624.83438pt x 624.83438pt>
File: Figures/cosine_similarity2D.png Graphic file (type png)
<use Figures/cosine_similarity2D.png>
Package pdftex.def Info: Figures/cosine_similarity2D.png  used on input line 124.
(pdftex.def)             Requested size: 172.87637pt x 172.87398pt.
 [16 <./Figures/cosine_similarity2D.png>]
<Figures/Exp1_corrplot.png, id=429, 1206.59479pt x 657.34279pt>
File: Figures/Exp1_corrplot.png Graphic file (type png)
<use Figures/Exp1_corrplot.png>
Package pdftex.def Info: Figures/Exp1_corrplot.png  used on input line 148.
(pdftex.def)             Requested size: 259.32117pt x 141.27579pt.
 [17]) [18 <./Figures/Exp1_corrplot.png (PNG copy)>]
\openout2 = `"Sections/3 - Results (1).aux"'.

 (./Sections/3 - Results (1).tex
<Figures/exp1_familiarity_violinplt.png, id=446, 289.08pt x 289.08pt>
File: Figures/exp1_familiarity_violinplt.png Graphic file (type png)
<use Figures/exp1_familiarity_violinplt.png>
Package pdftex.def Info: Figures/exp1_familiarity_violinplt.png  used on input line 28.
(pdftex.def)             Requested size: 259.32117pt x 259.3359pt.
 [19



 <./Figures/exp1_familiarity_violinplt.png>]
<Figures/Exp1_yes_allconditions.png, id=453, 593.96906pt x 506.6428pt>
File: Figures/Exp1_yes_allconditions.png Graphic file (type png)
<use Figures/Exp1_yes_allconditions.png>
Package pdftex.def Info: Figures/Exp1_yes_allconditions.png  used on input line 42.
(pdftex.def)             Requested size: 259.32117pt x 221.19957pt.
<Figures/exp1_2M_responses.png, id=454, 722.7pt x 505.89pt>
File: Figures/exp1_2M_responses.png Graphic file (type png)
<use Figures/exp1_2M_responses.png>
Package pdftex.def Info: Figures/exp1_2M_responses.png  used on input line 56.
(pdftex.def)             Requested size: 259.32117pt x 181.52586pt.
 [20 <./Figures/Exp1_yes_allconditions.png>] [21 <./Figures/exp1_2M_responses.png>]
<Figures/Exp1_yes_PC8.png, id=468, 722.7pt x 433.62pt>
File: Figures/Exp1_yes_PC8.png Graphic file (type png)
<use Figures/Exp1_yes_PC8.png>
Package pdftex.def Info: Figures/Exp1_yes_PC8.png  used on input line 96.
(pdftex.def)             Requested size: 259.32117pt x 155.59361pt.
 [22 <./Figures/Exp1_yes_PC8.png>]
<Figures/Exp1_yes_age.png, id=474, 722.7pt x 433.62pt>
File: Figures/Exp1_yes_age.png Graphic file (type png)
<use Figures/Exp1_yes_age.png>
Package pdftex.def Info: Figures/Exp1_yes_age.png  used on input line 106.
(pdftex.def)             Requested size: 209.66254pt x 125.7929pt.
<Figures/Exp1_yes_PC3.png, id=475, 722.7pt x 433.62pt>
File: Figures/Exp1_yes_PC3.png Graphic file (type png)
<use Figures/Exp1_yes_PC3.png>
Package pdftex.def Info: Figures/Exp1_yes_PC3.png  used on input line 109.
(pdftex.def)             Requested size: 209.66254pt x 125.7929pt.
<Figures/Exp1_yes_L1L2diff.png, id=476, 722.7pt x 433.62pt>
File: Figures/Exp1_yes_L1L2diff.png Graphic file (type png)
<use Figures/Exp1_yes_L1L2diff.png>
Package pdftex.def Info: Figures/Exp1_yes_L1L2diff.png  used on input line 113.
(pdftex.def)             Requested size: 209.66254pt x 125.7929pt.
<Figures/Exp1_yes_ent.png, id=477, 722.7pt x 433.62pt>
File: Figures/Exp1_yes_ent.png Graphic file (type png)
<use Figures/Exp1_yes_ent.png>
Package pdftex.def Info: Figures/Exp1_yes_ent.png  used on input line 117.
(pdftex.def)             Requested size: 209.66254pt x 125.7929pt.
 [23 <./Figures/Exp1_yes_age.png> <./Figures/Exp1_yes_PC3.png> <./Figures/Exp1_yes_L1L2diff.png> <./Figures/Exp1_yes_ent.png>]) [24]
\openout2 = `"Sections/4 - Discussion (1).aux"'.

 (./Sections/4 - Discussion (1).tex [25



]) [26]
\openout2 = `"Sections/5 - Methods (2).aux"'.

 (./Sections/5 - Methods (2).tex
<Figures/MorphemeSpellingExample.png, id=498, 830.448pt x 414.129pt>
File: Figures/MorphemeSpellingExample.png Graphic file (type png)
<use Figures/MorphemeSpellingExample.png>
Package pdftex.def Info: Figures/MorphemeSpellingExample.png  used on input line 30.
(pdftex.def)             Requested size: 259.32117pt x 129.31387pt.
 [27



 <./Figures/MorphemeSpellingExample.png>]) [28]
\openout2 = `"Sections/6 - Results (2).aux"'.

 (./Sections/6 - Results (2).tex
<Figures/exp2_familiarity_violinplt.png, id=510, 289.08pt x 289.08pt>
File: Figures/exp2_familiarity_violinplt.png Graphic file (type png)
<use Figures/exp2_familiarity_violinplt.png>
Package pdftex.def Info: Figures/exp2_familiarity_violinplt.png  used on input line 22.
(pdftex.def)             Requested size: 259.32117pt x 259.3359pt.
 [29



 <./Figures/exp2_familiarity_violinplt.png>]
<Figures/Exp2_yes_allconditions.png, id=516, 593.96906pt x 506.6428pt>
File: Figures/Exp2_yes_allconditions.png Graphic file (type png)
<use Figures/Exp2_yes_allconditions.png>
Package pdftex.def Info: Figures/Exp2_yes_allconditions.png  used on input line 36.
(pdftex.def)             Requested size: 259.32117pt x 221.19957pt.
<Figures/exp2_2M_responses.png, id=517, 722.7pt x 505.89pt>
File: Figures/exp2_2M_responses.png Graphic file (type png)
<use Figures/exp2_2M_responses.png>
Package pdftex.def Info: Figures/exp2_2M_responses.png  used on input line 50.
(pdftex.def)             Requested size: 259.32117pt x 181.52586pt.
 [30 <./Figures/Exp2_yes_allconditions.png>]
<Figures/Exp2_fam_PC9.png, id=525, 619.56468pt x 506.6428pt>
File: Figures/Exp2_fam_PC9.png Graphic file (type png)
<use Figures/Exp2_fam_PC9.png>
Package pdftex.def Info: Figures/Exp2_fam_PC9.png  used on input line 78.
(pdftex.def)             Requested size: 216.09877pt x 176.70918pt.
 [31 <./Figures/exp2_2M_responses.png>]
<Figures/Exp2_yes_PC7.png, id=531, 722.7pt x 433.62pt>
File: Figures/Exp2_yes_PC7.png Graphic file (type png)
<use Figures/Exp2_yes_PC7.png>
Package pdftex.def Info: Figures/Exp2_yes_PC7.png  used on input line 94.
(pdftex.def)             Requested size: 209.66254pt x 125.7929pt.
<Figures/Exp2_yes_multiexp.png, id=532, 722.7pt x 433.62pt>
File: Figures/Exp2_yes_multiexp.png Graphic file (type png)
<use Figures/Exp2_yes_multiexp.png>
Package pdftex.def Info: Figures/Exp2_yes_multiexp.png  used on input line 98.
(pdftex.def)             Requested size: 209.66254pt x 125.7929pt.
<Figures/Exp2_yes_L1L2diff.png, id=533, 722.7pt x 433.62pt>
File: Figures/Exp2_yes_L1L2diff.png Graphic file (type png)
<use Figures/Exp2_yes_L1L2diff.png>
Package pdftex.def Info: Figures/Exp2_yes_L1L2diff.png  used on input line 102.
(pdftex.def)             Requested size: 209.66254pt x 125.7929pt.
<Figures/Exp2_yes_cossim.png, id=534, 722.7pt x 433.62pt>
File: Figures/Exp2_yes_cossim.png Graphic file (type png)
<use Figures/Exp2_yes_cossim.png>
Package pdftex.def Info: Figures/Exp2_yes_cossim.png  used on input line 106.
(pdftex.def)             Requested size: 209.66254pt x 125.7929pt.
<Figures/Exp2_yes_age.png, id=535, 722.7pt x 433.62pt>
File: Figures/Exp2_yes_age.png Graphic file (type png)
<use Figures/Exp2_yes_age.png>
Package pdftex.def Info: Figures/Exp2_yes_age.png  used on input line 116.
(pdftex.def)             Requested size: 209.66254pt x 125.7929pt.
<Figures/Exp2_yes_PC2.png, id=536, 722.7pt x 433.62pt>
File: Figures/Exp2_yes_PC2.png Graphic file (type png)
<use Figures/Exp2_yes_PC2.png>
Package pdftex.def Info: Figures/Exp2_yes_PC2.png  used on input line 119.
(pdftex.def)             Requested size: 209.66254pt x 125.7929pt.
 [32 <./Figures/Exp2_fam_PC9.png>] [33 <./Figures/Exp2_yes_PC7.png> <./Figures/Exp2_yes_multiexp.png> <./Figures/Exp2_yes_L1L2diff.png> <./Figures/Exp2_yes_cossim.png> <./Figures/Exp2_yes_age.png> <./Figures/Exp2_yes_PC2.png>]
<Figures/Exp2_2Myes_L1L2diff.png, id=550, 619.56468pt x 506.6428pt>
File: Figures/Exp2_2Myes_L1L2diff.png Graphic file (type png)
<use Figures/Exp2_2Myes_L1L2diff.png>
Package pdftex.def Info: Figures/Exp2_2Myes_L1L2diff.png  used on input line 152.
(pdftex.def)             Requested size: 209.66254pt x 171.44455pt.
<Figures/Exp2_2Myes_cossim.png, id=551, 619.56468pt x 506.6428pt>
File: Figures/Exp2_2Myes_cossim.png Graphic file (type png)
<use Figures/Exp2_2Myes_cossim.png>
Package pdftex.def Info: Figures/Exp2_2Myes_cossim.png  used on input line 155.
(pdftex.def)             Requested size: 209.66254pt x 171.44455pt.
 [34 <./Figures/Exp2_2Myes_L1L2diff.png> <./Figures/Exp2_2Myes_cossim.png>]
<Figures/Exp2_2M_category.png, id=562, 619.56468pt x 506.6428pt>
File: Figures/Exp2_2M_category.png Graphic file (type png)
<use Figures/Exp2_2M_category.png>
Package pdftex.def Info: Figures/Exp2_2M_category.png  used on input line 165.
(pdftex.def)             Requested size: 259.32117pt x 212.05411pt.
<Figures/Exp2_2M_script.png, id=564, 648.17157pt x 506.6428pt>
File: Figures/Exp2_2M_script.png Graphic file (type png)
<use Figures/Exp2_2M_script.png>
Package pdftex.def Info: Figures/Exp2_2M_script.png  used on input line 175.
(pdftex.def)             Requested size: 259.32117pt x 202.6999pt.
 [35 <./Figures/Exp2_2M_category.png>]) [36 <./Figures/Exp2_2M_script.png>]
\openout2 = `"Sections/7 - Discussion (2).aux"'.

 (./Sections/7 - Discussion (2).tex) [37



] [38]
\openout2 = `"Sections/8 - Methods (3).aux"'.

 (./Sections/8 - Methods (3).tex [39



]) [40]
\openout2 = `"Sections/9 - Results (3).aux"'.

 (./Sections/9 - Results (3).tex
<Figures/exp3_familiarity_violinplt.png, id=594, 722.7pt x 722.7pt>
File: Figures/exp3_familiarity_violinplt.png Graphic file (type png)
<use Figures/exp3_familiarity_violinplt.png>
Package pdftex.def Info: Figures/exp3_familiarity_violinplt.png  used on input line 24.
(pdftex.def)             Requested size: 259.32117pt x 259.32268pt.
 [41



 <./Figures/exp3_familiarity_violinplt.png>]
<Figures/exp3_yes_allconditions_scatterplot.png, id=601, 722.7pt x 505.89pt>
File: Figures/exp3_yes_allconditions_scatterplot.png Graphic file (type png)
<use Figures/exp3_yes_allconditions_scatterplot.png>
Package pdftex.def Info: Figures/exp3_yes_allconditions_scatterplot.png  used on input line 38.
(pdftex.def)             Requested size: 259.32117pt x 181.52586pt.
<Figures/exp3_2M_responses.png, id=602, 722.7pt x 505.89pt>
File: Figures/exp3_2M_responses.png Graphic file (type png)
<use Figures/exp3_2M_responses.png>
Package pdftex.def Info: Figures/exp3_2M_responses.png  used on input line 54.
(pdftex.def)             Requested size: 259.32117pt x 181.52586pt.
 [42 <./Figures/exp3_yes_allconditions_scatterplot.png>] [43 <./Figures/exp3_2M_responses.png>]
<Figures/exp3_yes_cossim.png, id=614, 722.7pt x 433.62pt>
File: Figures/exp3_yes_cossim.png Graphic file (type png)
<use Figures/exp3_yes_cossim.png>
Package pdftex.def Info: Figures/exp3_yes_cossim.png  used on input line 90.
(pdftex.def)             Requested size: 259.32117pt x 155.59361pt.
<Figures/exp3_yes_Gender.png, id=615, 722.7pt x 433.62pt>
File: Figures/exp3_yes_Gender.png Graphic file (type png)
<use Figures/exp3_yes_Gender.png>
Package pdftex.def Info: Figures/exp3_yes_Gender.png  used on input line 102.
(pdftex.def)             Requested size: 209.66254pt x 125.7929pt.
<Figures/exp3_yes_RC1.png, id=616, 722.7pt x 433.62pt>
File: Figures/exp3_yes_RC1.png Graphic file (type png)
<use Figures/exp3_yes_RC1.png>
Package pdftex.def Info: Figures/exp3_yes_RC1.png  used on input line 106.
(pdftex.def)             Requested size: 209.66254pt x 125.7929pt.
<Figures/exp3_yes_RC2.png, id=617, 722.7pt x 433.62pt>
File: Figures/exp3_yes_RC2.png Graphic file (type png)
<use Figures/exp3_yes_RC2.png>
Package pdftex.def Info: Figures/exp3_yes_RC2.png  used on input line 110.
(pdftex.def)             Requested size: 209.66254pt x 125.7929pt.
<Figures/exp3_yes_ent.png, id=618, 722.7pt x 433.62pt>
File: Figures/exp3_yes_ent.png Graphic file (type png)
<use Figures/exp3_yes_ent.png>
Package pdftex.def Info: Figures/exp3_yes_ent.png  used on input line 114.
(pdftex.def)             Requested size: 209.66254pt x 125.7929pt.
 [44 <./Figures/exp3_yes_cossim.png>] [45 <./Figures/exp3_yes_gender.png> <./Figures/exp3_yes_RC1.png> <./Figures/exp3_yes_RC2.png> <./Figures/exp3_yes_ent.png>]
<Figures/exp3_yes_multiexp.png, id=629, 722.7pt x 433.62pt>
File: Figures/exp3_yes_multiexp.png Graphic file (type png)
<use Figures/exp3_yes_multiexp.png>
Package pdftex.def Info: Figures/exp3_yes_multiexp.png  used on input line 124.
(pdftex.def)             Requested size: 209.66254pt x 125.7929pt.
<Figures/exp3_yes_L1L2diff.png, id=630, 722.7pt x 433.62pt>
File: Figures/exp3_yes_L1L2diff.png Graphic file (type png)
<use Figures/exp3_yes_L1L2diff.png>
Package pdftex.def Info: Figures/exp3_yes_L1L2diff.png  used on input line 128.
(pdftex.def)             Requested size: 209.66254pt x 125.7929pt.
<Figures/exp3_yes_category.png, id=631, 722.7pt x 433.62pt>
File: Figures/exp3_yes_category.png Graphic file (type png)
<use Figures/exp3_yes_category.png>
Package pdftex.def Info: Figures/exp3_yes_category.png  used on input line 132.
(pdftex.def)             Requested size: 423.6015pt x 254.1596pt.
 [46] [47 <./Figures/exp3_yes_multiexp.png> <./Figures/exp3_yes_L1L2diff.png> <./Figures/exp3_yes_category.png>]
<Figures/exp3_2M_yes_PC2.png, id=642, 722.7pt x 433.62pt>
File: Figures/exp3_2M_yes_PC2.png Graphic file (type png)
<use Figures/exp3_2M_yes_PC2.png>
Package pdftex.def Info: Figures/exp3_2M_yes_PC2.png  used on input line 176.
(pdftex.def)             Requested size: 209.66254pt x 125.7929pt.
<Figures/exp3_2M_yes_multiexp.png, id=643, 722.7pt x 433.62pt>
File: Figures/exp3_2M_yes_multiexp.png Graphic file (type png)
<use Figures/exp3_2M_yes_multiexp.png>
Package pdftex.def Info: Figures/exp3_2M_yes_multiexp.png  used on input line 180.
(pdftex.def)             Requested size: 209.66254pt x 125.7929pt.
<Figures/exp3_2M_yes_L1L2diff.png, id=644, 722.7pt x 433.62pt>
File: Figures/exp3_2M_yes_L1L2diff.png Graphic file (type png)
<use Figures/exp3_2M_yes_L1L2diff.png>
Package pdftex.def Info: Figures/exp3_2M_yes_L1L2diff.png  used on input line 184.
(pdftex.def)             Requested size: 209.66254pt x 125.7929pt.
<Figures/exp3_2M_yes_script.png, id=645, 722.7pt x 433.62pt>
File: Figures/exp3_2M_yes_script.png Graphic file (type png)
<use Figures/exp3_2M_yes_script.png>
Package pdftex.def Info: Figures/exp3_2M_yes_script.png  used on input line 188.
(pdftex.def)             Requested size: 209.66254pt x 125.7929pt.
<Figures/exp3_2M_yes_cossim.png, id=646, 1027.33812pt x 615.80063pt>
File: Figures/exp3_2M_yes_cossim.png Graphic file (type png)
<use Figures/exp3_2M_yes_cossim.png>
Package pdftex.def Info: Figures/exp3_2M_yes_cossim.png  used on input line 196.
(pdftex.def)             Requested size: 259.32117pt x 155.44379pt.
 [48 <./Figures/exp3_2M_yes_PC2.png> <./Figures/exp3_2M_yes_multiexp.png> <./Figures/exp3_2M_yes_L1L2diff.png> <./Figures/exp3_2M_yes_script.png>]
<Figures/exp3_2Mscore_cossim.png, id=653, 722.7pt x 433.62pt>
File: Figures/exp3_2Mscore_cossim.png Graphic file (type png)
<use Figures/exp3_2Mscore_cossim.png>
Package pdftex.def Info: Figures/exp3_2Mscore_cossim.png  used on input line 208.
(pdftex.def)             Requested size: 209.66254pt x 125.7929pt.
<Figures/exp3_2Mscore_cossim_nomonos.png, id=654, 722.7pt x 433.62pt>
File: Figures/exp3_2Mscore_cossim_nomonos.png Graphic file (type png)
<use Figures/exp3_2Mscore_cossim_nomonos.png>
Package pdftex.def Info: Figures/exp3_2Mscore_cossim_nomonos.png  used on input line 211.
(pdftex.def)             Requested size: 209.66254pt x 125.7929pt.
<Figures/exp3_2Mscore_use_cossim.png, id=655, 722.7pt x 433.62pt>
File: Figures/exp3_2Mscore_use_cossim.png Graphic file (type png)
<use Figures/exp3_2Mscore_use_cossim.png>
Package pdftex.def Info: Figures/exp3_2Mscore_use_cossim.png  used on input line 214.
(pdftex.def)             Requested size: 209.66254pt x 125.7929pt.
<Figures/exp3_2M_category.png, id=656, 722.7pt x 433.62pt>
File: Figures/exp3_2M_category.png Graphic file (type png)
<use Figures/exp3_2M_category.png>
Package pdftex.def Info: Figures/exp3_2M_category.png  used on input line 217.
(pdftex.def)             Requested size: 209.66254pt x 125.7929pt.
 [49 <./Figures/exp3_2M_yes_cossim.png (PNG copy)>] [50 <./Figures/exp3_2Mscore_cossim.png> <./Figures/exp3_2Mscore_cossim_nomonos.png> <./Figures/exp3_2Mscore_use_cossim.png> <./Figures/exp3_2M_category.png>])
\openout2 = `"Sections/10 - Discussion (3).aux"'.

 (./Sections/10 - Discussion (3).tex [51



] [52]) [53]
\openout2 = `"Sections/11 - General Discussion.aux"'.

 (./Sections/11 - General Discussion.tex [54



] [55] [56] [57] [58] [59]) [60]
\openout2 = `"Sections/12 - Conclusion.aux"'.

 (./Sections/12 - Conclusion.tex) [61



]
\openout2 = `"Sections/13 - Supplementary Materials.aux"'.

 (./Sections/13 - Supplementary Materials.tex
<Figures/exp1_languages.png, id=734, 722.7pt x 686.565pt>
File: Figures/exp1_languages.png Graphic file (type png)
<use Figures/exp1_languages.png>
Package pdftex.def Info: Figures/exp1_languages.png  used on input line 12.
(pdftex.def)             Requested size: 224.74457pt x 213.50342pt.
<Figures/exp2_languages.png, id=735, 722.7pt x 686.565pt>
File: Figures/exp2_languages.png Graphic file (type png)
<use Figures/exp2_languages.png>
Package pdftex.def Info: Figures/exp2_languages.png  used on input line 20.
(pdftex.def)             Requested size: 224.74457pt x 213.50342pt.
<Figures/exp3_languages.png, id=736, 1120.185pt x 939.51pt>
File: Figures/exp3_languages.png Graphic file (type png)
<use Figures/exp3_languages.png>
Package pdftex.def Info: Figures/exp3_languages.png  used on input line 28.
(pdftex.def)             Requested size: 224.74457pt x 188.48643pt.
<Figures/Exp1_BLP_screeplt.png, id=737, 722.7pt x 505.89pt>
File: Figures/Exp1_BLP_screeplt.png Graphic file (type png)
<use Figures/Exp1_BLP_screeplt.png>
Package pdftex.def Info: Figures/Exp1_BLP_screeplt.png  used on input line 37.
(pdftex.def)             Requested size: 259.32117pt x 181.52586pt.
<Figures/exp2_BLP_screeplt.png, id=738, 722.7pt x 505.89pt>
File: Figures/exp2_BLP_screeplt.png Graphic file (type png)
<use Figures/exp2_BLP_screeplt.png>
Package pdftex.def Info: Figures/exp2_BLP_screeplt.png  used on input line 45.
(pdftex.def)             Requested size: 259.32117pt x 181.52586pt.
<Figures/exp3_BLP_screeplt.png, id=739, 722.7pt x 505.89pt>
File: Figures/exp3_BLP_screeplt.png Graphic file (type png)
<use Figures/exp3_BLP_screeplt.png>
Package pdftex.def Info: Figures/exp3_BLP_screeplt.png  used on input line 53.
(pdftex.def)             Requested size: 259.32117pt x 181.52586pt.
 (./analysis_tables/Exp. 1 Familiarity - Gender.tex (c:/texlive/2025/texmf-dist/tex/latex/base/omscmr.fd)
Overfull \hbox (6.59378pt too wide) in alignment at lines 15--15
[][][][][][]
 []

) (./analysis_tables/Exp. 1 Familiarity - Age.tex
Overfull \hbox (6.59378pt too wide) in alignment at lines 14--14
[][][][][][]
 []

) (./analysis_tables/Exp. 1 Familiarity - PC1 (L3).tex
Overfull \hbox (6.59378pt too wide) in alignment at lines 14--14
[][][][][][]
 []

) (./analysis_tables/Exp. 1 Familiarity - PC9 (L4).tex
Overfull \hbox (6.59378pt too wide) in alignment at lines 14--14
[][][][][][]
 []

) (./analysis_tables/Exp. 1 Familiarity - PC2 (L1 vs L2 Use).tex
Overfull \hbox (6.59378pt too wide) in alignment at lines 14--14
[][][][][][]
 []

) (./analysis_tables/Exp. 1 Familiarity - PC8 (L2 History).tex
Overfull \hbox (6.59378pt too wide) in alignment at lines 14--14
[][][][][][]
 []

) (./analysis_tables/Exp. 1 Familiarity - PC3 (L2 Proficiency).tex
Overfull \hbox (6.59378pt too wide) in alignment at lines 14--14
[][][][][][]
 []

) (./analysis_tables/Exp. 1 Familiarity - Multilingual experience.tex
Overfull \hbox (6.59378pt too wide) in alignment at lines 14--14
[][][][][][]
 []

) (./analysis_tables/Exp. 1 Familiarity - Bilingual balance (L1-L2 difference).tex
Overfull \hbox (6.59378pt too wide) in alignment at lines 14--14
[][][][][][]
 []

) (./analysis_tables/Exp. 1 Familiarity - Multilingual balance (entropy).tex
Overfull \hbox (6.59378pt too wide) in alignment at lines 14--14
[][][][][][]
 []

) (./analysis_tables/Exp. 1 Familiarity - Multilingual balance (cosine similarity).tex
Overfull \hbox (6.59378pt too wide) in alignment at lines 14--14
[][][][][][]
 []

) (./analysis_tables/Exp. 1 Familiarity - Script.tex
Overfull \hbox (6.59378pt too wide) in alignment at lines 14--14
[][][][][][]
 []

) (./analysis_tables/Exp. 1 Familiarity - Category.tex
Overfull \hbox (6.59378pt too wide) in alignment at lines 16--16
[][][][][][]
 []

) (./analysis_tables/Exp. 1 `Yes' responses - Conditions.tex
Overfull \hbox (6.59378pt too wide) in alignment at lines 20--20
[][][][][][]
 []

) (./analysis_tables/Exp. 1 `Yes' responses - Gender.tex
Overfull \hbox (6.59378pt too wide) in alignment at lines 21--21
[][][][][][]
 []

) (./analysis_tables/Exp. 1 `Yes' responses - Age.tex
Overfull \hbox (6.59378pt too wide) in alignment at lines 24--24
[][][][][][]
 []

) (./analysis_tables/Exp. 1 `Yes' responses - PC1 (L3).tex
Overfull \hbox (6.59378pt too wide) in alignment at lines 18--18
[][][][][][]
 []

) (./analysis_tables/Exp. 1 `Yes' responses - PC9 (L4).tex
Overfull \hbox (6.59378pt too wide) in alignment at lines 23--23
[][][][][][]
 []

) (./analysis_tables/Exp. 1 `Yes' responses - PC2 (L1 vs L2 Use).tex
Overfull \hbox (6.59378pt too wide) in alignment at lines 18--18
[][][][][][]
 []

) (./analysis_tables/Exp. 1 `Yes' responses - PC8 (L2 History).tex
Overfull \hbox (6.59378pt too wide) in alignment at lines 24--24
[][][][][][]
 []

) (./analysis_tables/Exp. 1 `Yes' responses - PC3 (L2 Proficiency).tex
Overfull \hbox (6.59378pt too wide) in alignment at lines 24--24
[][][][][][]
 []

) (./analysis_tables/Exp. 1 `Yes' responses - Multilingual experience.tex
Overfull \hbox (6.59378pt too wide) in alignment at lines 18--18
[][][][][][]
 []

) (./analysis_tables/Exp. 1 `Yes' responses - Bilingual balance (L1-L2 difference).tex
Overfull \hbox (6.59378pt too wide) in alignment at lines 17--17
[][][][][][]
 []

) (./analysis_tables/Exp. 1 `Yes' responses - Multilingual balance (Entropy).tex
Overfull \hbox (6.59378pt too wide) in alignment at lines 17--17
[][][][][][]
 []

) (./analysis_tables/Exp. 1 `Yes' responses - Multilingual balance (cosine similarity).tex
Overfull \hbox (6.59378pt too wide) in alignment at lines 17--17
[][][][][][]
 []

) (./analysis_tables/Exp. 1 `Yes' responses - Script.tex
Overfull \hbox (6.59378pt too wide) in alignment at lines 18--18
[][][][][][]
 []

) (./analysis_tables/Exp. 1 `Yes' responses - Category.tex
Overfull \hbox (6.59378pt too wide) in alignment at lines 23--23
[][][][][][]
 []

) (./analysis_tables/Exp. 1 2M.tex
Overfull \hbox (6.59378pt too wide) in alignment at lines 14--14
[][][][][][]
 []

) (./analysis_tables/Exp. 1 2M - Gender.tex
Overfull \hbox (6.59378pt too wide) in alignment at lines 23--23
[][][][][][]
 []

) (./analysis_tables/Exp. 1 2M - Age.tex
Overfull \hbox (6.59378pt too wide) in alignment at lines 16--16
[][][][][][]
 []

) (./analysis_tables/Exp. 1 2M - PC1 (L3).tex
Overfull \hbox (6.59378pt too wide) in alignment at lines 16--16
[][][][][][]
 []

) (./analysis_tables/Exp. 1 2M - PC9 (L4).tex
Overfull \hbox (6.59378pt too wide) in alignment at lines 16--16
[][][][][][]
 []

) (./analysis_tables/Exp. 1 2M - PC2 (L1 vs L2 Use).tex
Overfull \hbox (6.59378pt too wide) in alignment at lines 16--16
[][][][][][]
 []

) (./analysis_tables/Exp. 1 2M - PC8 (L2 History).tex
Overfull \hbox (6.59378pt too wide) in alignment at lines 16--16
[][][][][][]
 []

) (./analysis_tables/Exp. 1 2M - PC3 (L2 Proficiency).tex
Overfull \hbox (6.59378pt too wide) in alignment at lines 16--16
[][][][][][]
 []

) (./analysis_tables/Exp. 1 2M - Multilingual experience.tex
Overfull \hbox (6.59378pt too wide) in alignment at lines 16--16
[][][][][][]
 []

) (./analysis_tables/Exp. 1 2M - Bilingual Balance (L1-L2 difference).tex
Overfull \hbox (6.59378pt too wide) in alignment at lines 16--16
[][][][][][]
 []

) (./analysis_tables/Exp. 1 2M - Multilingual balance (Entropy).tex
Overfull \hbox (6.59378pt too wide) in alignment at lines 21--21
[][][][][][]
 []

) (./analysis_tables/Exp. 1 2M - Multilingual balance (cosine similarity).tex
Overfull \hbox (6.59378pt too wide) in alignment at lines 16--16
[][][][][][]
 []

) (./analysis_tables/Exp. 1 2M - Script.tex
Overfull \hbox (6.59378pt too wide) in alignment at lines 16--16
[][][][][][]
 []

) (./analysis_tables/Exp. 1 2M - Category.tex
Overfull \hbox (6.59378pt too wide) in alignment at lines 19--19
[][][][][][]
 []

) (./analysis_tables/Exp. 2 Familiarity - Gender.tex
Overfull \hbox (6.59378pt too wide) in alignment at lines 14--14
[][][][][][]
 []

) (./analysis_tables/Exp. 2 Familiarity - Age.tex
Overfull \hbox (6.59378pt too wide) in alignment at lines 14--14
[][][][][][]
 []

) (./analysis_tables/Exp. 2 Familiarity - PC1 (L4).tex
Overfull \hbox (6.59378pt too wide) in alignment at lines 14--14
[][][][][][]
 []

) (./analysis_tables/Exp. 2 Familiarity - PC3 (L3).tex
Overfull \hbox (6.59378pt too wide) in alignment at lines 14--14
[][][][][][]
 []

) (./analysis_tables/Exp. 2 Familiarity - PC2 (L1 vs L2 Use).tex
Overfull \hbox (6.59378pt too wide) in alignment at lines 14--14
[][][][][][]
 []

) (./analysis_tables/Exp. 2 Familiarity - PC7 (L2 History).tex
Overfull \hbox (6.59378pt too wide) in alignment at lines 14--14
[][][][][][]
 []

) (./analysis_tables/Exp. 2 Familiarity - PC9 (L4 Use).tex
Overfull \hbox (6.59378pt too wide) in alignment at lines 14--14
[][][][][][]
 []

) (./analysis_tables/Exp. 2 Familiarity - Multilingual experience.tex
Overfull \hbox (6.59378pt too wide) in alignment at lines 14--14
[][][][][][]
 []

) (./analysis_tables/Exp. 2 Familiarity - Bilingual balance (L1-L2 difference).tex
Overfull \hbox (6.59378pt too wide) in alignment at lines 14--14
[][][][][][]
 []

) (./analysis_tables/Exp. 2 Familiarity - Multilingual balance (entropy).tex
Overfull \hbox (6.59378pt too wide) in alignment at lines 14--14
[][][][][][]
 []

) (./analysis_tables/Exp. 2 Familiarity - Multilingual balance (cosine similarity).tex
Overfull \hbox (6.59378pt too wide) in alignment at lines 14--14
[][][][][][]
 []

) (./analysis_tables/Exp. 2 Familiarity - Script.tex
Overfull \hbox (6.59378pt too wide) in alignment at lines 14--14
[][][][][][]
 []

) (./analysis_tables/Exp. 2 Familiarity - Category.tex
Overfull \hbox (6.59378pt too wide) in alignment at lines 16--16
[][][][][][]
 []

) (./analysis_tables/Exp. 2 `Yes' responses - Conditions.tex
Overfull \hbox (6.59378pt too wide) in alignment at lines 21--21
[][][][][][]
 []

) (./analysis_tables/Exp. 2 `Yes' responses - Gender.tex
Overfull \hbox (6.59378pt too wide) in alignment at lines 24--24
[][][][][][]
 []

) (./analysis_tables/Exp. 2 `Yes' responses - Age.tex
Overfull \hbox (6.59378pt too wide) in alignment at lines 24--24
[][][][][][]
 []

) (./analysis_tables/Exp. 2 `Yes' responses - PC1 (L4).tex
Overfull \hbox (6.59378pt too wide) in alignment at lines 24--24
[][][][][][]
 []

) (./analysis_tables/Exp. 2 `Yes' responses - PC3 (L3).tex
Overfull \hbox (6.59378pt too wide) in alignment at lines 24--24
[][][][][][]
 []

) (./analysis_tables/Exp. 2 `Yes' responses - PC2 (L1 vs L2 Use).tex
Overfull \hbox (6.59378pt too wide) in alignment at lines 24--24
[][][][][][]
 []

) (./analysis_tables/Exp. 2 `Yes' responses - PC7 (L2 History).tex
Overfull \hbox (6.59378pt too wide) in alignment at lines 24--24
[][][][][][]
 []

) (./analysis_tables/Exp. 2 `Yes' responses - PC9 (L4 Use).tex
Overfull \hbox (6.59378pt too wide) in alignment at lines 24--24
[][][][][][]
 []

) (./analysis_tables/Exp. 2 `Yes' responses - Multilingual experience.tex
Overfull \hbox (6.59378pt too wide) in alignment at lines 18--18
[][][][][][]
 []

) (./analysis_tables/Exp. 2 `Yes' responses - Bilingual balance (L1-L2 difference).tex
Overfull \hbox (6.59378pt too wide) in alignment at lines 24--24
[][][][][][]
 []

) (./analysis_tables/Exp. 2 `Yes' responses - Multilingual balance (Entropy).tex
Overfull \hbox (6.59378pt too wide) in alignment at lines 23--23
[][][][][][]
 []

) (./analysis_tables/Exp. 2 `Yes' responses - Multilingual balance (cosine similarity).tex
Overfull \hbox (6.59378pt too wide) in alignment at lines 17--17
[][][][][][]
 []

) (./analysis_tables/Exp. 2 `Yes' responses - Script.tex
Overfull \hbox (6.59378pt too wide) in alignment at lines 23--23
[][][][][][]
 []

) (./analysis_tables/Exp. 2 `Yes' responses - Category.tex
Overfull \hbox (6.59378pt too wide) in alignment at lines 23--23
[][][][][][]
 []

) (./analysis_tables/Exp. 2 2M.tex
Overfull \hbox (6.59378pt too wide) in alignment at lines 19--19
[][][][][][]
 []

) (./analysis_tables/Exp. 2 2M - Gender.tex
Overfull \hbox (6.59378pt too wide) in alignment at lines 21--21
[][][][][][]
 []

) (./analysis_tables/Exp. 2 2M - Age.tex
Overfull \hbox (6.59378pt too wide) in alignment at lines 21--21
[][][][][][]
 []

) (./analysis_tables/Exp. 2 2M - PC1 (L4).tex
Overfull \hbox (6.59378pt too wide) in alignment at lines 21--21
[][][][][][]
 []

) (./analysis_tables/Exp. 2 2M - PC3 (L3).tex
Overfull \hbox (6.59378pt too wide) in alignment at lines 21--21
[][][][][][]
 []

) (./analysis_tables/Exp. 2 2M - PC2 (L1 vs L2 Use).tex
Overfull \hbox (6.59378pt too wide) in alignment at lines 21--21
[][][][][][]
 []

) (./analysis_tables/Exp. 2 2M - PC7 (L2 History).tex
Overfull \hbox (6.59378pt too wide) in alignment at lines 21--21
[][][][][][]
 []

) (./analysis_tables/Exp. 2 2M - PC9 (L4 Use).tex
Overfull \hbox (6.59378pt too wide) in alignment at lines 21--21
[][][][][][]
 []

) (./analysis_tables/Exp. 2 2M - Multilingual experience.tex
Overfull \hbox (6.59378pt too wide) in alignment at lines 16--16
[][][][][][]
 []

) (./analysis_tables/Exp. 2 2M - Bilingual Balance (L1-L2 difference).tex
Overfull \hbox (6.59378pt too wide) in alignment at lines 21--21
[][][][][][]
 []

) (./analysis_tables/Exp. 2 2M - Multilingual balance (Entropy).tex
Overfull \hbox (6.59378pt too wide) in alignment at lines 16--16
[][][][][][]
 []

) (./analysis_tables/Exp. 2 2M - Multilingual balance (cosine similarity).tex
Overfull \hbox (6.59378pt too wide) in alignment at lines 16--16
[][][][][][]
 []

) (./analysis_tables/Exp. 2 2M - Script.tex
Overfull \hbox (6.59378pt too wide) in alignment at lines 16--16
[][][][][][]
 []

) (./analysis_tables/Exp. 2 2M - Category.tex
Overfull \hbox (6.59378pt too wide) in alignment at lines 20--20
[][][][][][]
 []

) (./analysis_tables/Exp. 3 Familiarity - Gender.tex
Overfull \hbox (6.59378pt too wide) in alignment at lines 14--14
[][][][][][]
 []

) (./analysis_tables/Exp. 3 Familiarity - Age.tex
Overfull \hbox (6.59378pt too wide) in alignment at lines 14--14
[][][][][][]
 []

) (./analysis_tables/Exp. 3 Familiarity - PC1 (L4).tex
Overfull \hbox (6.59378pt too wide) in alignment at lines 14--14
[][][][][][]
 []

) (./analysis_tables/Exp. 3 Familiarity - PC3 (L3).tex
Overfull \hbox (6.59378pt too wide) in alignment at lines 14--14
[][][][][][]
 []

) (./analysis_tables/Exp. 3 Familiarity - PC2 (L1 vs L2 Use).tex
Overfull \hbox (6.59378pt too wide) in alignment at lines 14--14
[][][][][][]
 []

) (./analysis_tables/Exp. 3 Familiarity - PC8 (L2 History).tex
Overfull \hbox (6.59378pt too wide) in alignment at lines 14--14
[][][][][][]
 []

) (./analysis_tables/Exp. 3 Familiarity - Multilingual experience.tex
Overfull \hbox (6.59378pt too wide) in alignment at lines 14--14
[][][][][][]
 []

) (./analysis_tables/Exp. 3 Familiarity - Bilingual balance (L1-L2 difference).tex
Overfull \hbox (6.59378pt too wide) in alignment at lines 14--14
[][][][][][]
 []

) (./analysis_tables/Exp. 3 Familiarity - Multilingual balance (entropy).tex
Overfull \hbox (6.59378pt too wide) in alignment at lines 14--14
[][][][][][]
 []

) (./analysis_tables/Exp. 3 Familiarity - Multilingual balance (cosine similarity).tex
Overfull \hbox (6.59378pt too wide) in alignment at lines 14--14
[][][][][][]
 []

) (./analysis_tables/Exp. 3 Familiarity - Script.tex
Overfull \hbox (6.59378pt too wide) in alignment at lines 14--14
[][][][][][]
 []

) (./analysis_tables/Exp. 3 Familiarity - Category.tex
Overfull \hbox (6.59378pt too wide) in alignment at lines 16--16
[][][][][][]
 []

) (./analysis_tables/Exp. 3 `Yes' responses - Conditions.tex
Overfull \hbox (6.59378pt too wide) in alignment at lines 15--15
[][][][][][]
 []

) (./analysis_tables/Exp. 3 `Yes' responses - Gender.tex
Overfull \hbox (6.59378pt too wide) in alignment at lines 18--18
[][][][][][]
 []

) (./analysis_tables/Exp. 3 `Yes' responses - Age.tex
Overfull \hbox (6.59378pt too wide) in alignment at lines 18--18
[][][][][][]
 []

) (./analysis_tables/Exp. 3 `Yes' responses - PC1 (L4).tex
Overfull \hbox (6.59378pt too wide) in alignment at lines 18--18
[][][][][][]
 []

) (./analysis_tables/Exp. 3 `Yes' responses - PC3 (L3).tex
Overfull \hbox (6.59378pt too wide) in alignment at lines 18--18
[][][][][][]
 []

) (./analysis_tables/Exp. 3 `Yes' responses - PC2 (L1 vs L2 Use).tex
Overfull \hbox (6.59378pt too wide) in alignment at lines 18--18
[][][][][][]
 []

) (./analysis_tables/Exp. 3 `Yes' responses - PC8 (L2 History).tex
Overfull \hbox (6.59378pt too wide) in alignment at lines 18--18
[][][][][][]
 []

) (./analysis_tables/Exp. 3 `Yes' responses - Multilingual experience.tex
Overfull \hbox (6.59378pt too wide) in alignment at lines 18--18
[][][][][][]
 []

) (./analysis_tables/Exp. 3 `Yes' responses - Bilingual balance (L1-L2 difference).tex
Overfull \hbox (6.59378pt too wide) in alignment at lines 18--18
[][][][][][]
 []

) (./analysis_tables/Exp. 3 `Yes' responses - Multilingual balance (Entropy).tex
Overfull \hbox (6.59378pt too wide) in alignment at lines 18--18
[][][][][][]
 []

) (./analysis_tables/Exp. 3 `Yes' responses - Multilingual balance (cosine similarity).tex
Overfull \hbox (6.59378pt too wide) in alignment at lines 17--17
[][][][][][]
 []

) (./analysis_tables/Exp. 3 `Yes' responses - Script.tex
Overfull \hbox (6.59378pt too wide) in alignment at lines 18--18
[][][][][][]
 []

) (./analysis_tables/Exp. 3 `Yes' responses - Category.tex
Overfull \hbox (6.59378pt too wide) in alignment at lines 23--23
[][][][][][]
 []

) (./analysis_tables/Exp. 3 2M.tex
Overfull \hbox (6.59378pt too wide) in alignment at lines 14--14
[][][][][][]
 []

) (./analysis_tables/Exp. 3 2M - Gender.tex
Overfull \hbox (6.59378pt too wide) in alignment at lines 16--16
[][][][][][]
 []

) (./analysis_tables/Exp. 3 2M - Age.tex
Overfull \hbox (6.59378pt too wide) in alignment at lines 16--16
[][][][][][]
 []

) (./analysis_tables/Exp. 3 2M - PC1 (L4).tex
Overfull \hbox (6.59378pt too wide) in alignment at lines 16--16
[][][][][][]
 []

) (./analysis_tables/Exp. 3 2M - PC3 (L3).tex
Overfull \hbox (6.59378pt too wide) in alignment at lines 16--16
[][][][][][]
 []

) (./analysis_tables/Exp. 3 2M - PC2 (L1 vs L2 Use).tex
Overfull \hbox (6.59378pt too wide) in alignment at lines 16--16
[][][][][][]
 []

) (./analysis_tables/Exp. 3 2M - PC8 (L2 History).tex
Overfull \hbox (6.59378pt too wide) in alignment at lines 16--16
[][][][][][]
 []

) (./analysis_tables/Exp. 3 2M - Multilingual experience.tex
Overfull \hbox (6.59378pt too wide) in alignment at lines 16--16
[][][][][][]
 []

) (./analysis_tables/Exp. 3 2M - Bilingual Balance (L1-L2 difference).tex
Overfull \hbox (6.59378pt too wide) in alignment at lines 16--16
[][][][][][]
 []

) (./analysis_tables/Exp. 3 2M - Multilingual balance (Entropy).tex
Overfull \hbox (6.59378pt too wide) in alignment at lines 16--16
[][][][][][]
 []

) (./analysis_tables/Exp. 3 2M - Multilingual balance (cosine similarity).tex
Overfull \hbox (6.59378pt too wide) in alignment at lines 16--16
[][][][][][]
 []

) (./analysis_tables/Exp. 3 2M - Multilingual balance (cosine similarity - without monolinguals).tex
Overfull \hbox (6.59378pt too wide) in alignment at lines 16--16
[][][][][][]
 []

) (./analysis_tables/Exp. 3 2M - Multilingual balance (use cosine similarity).tex
Overfull \hbox (6.59378pt too wide) in alignment at lines 16--16
[][][][][][]
 []

) (./analysis_tables/Exp. 3 2M - Script.tex
Overfull \hbox (6.59378pt too wide) in alignment at lines 16--16
[][][][][][]
 []

) (./analysis_tables/Exp. 3 2M - Category.tex
Overfull \hbox (6.59378pt too wide) in alignment at lines 20--20
[][][][][][]
 []

)) [62



 <./Figures/exp1_languages.png> <./Figures/exp2_languages.png>] [63 <./Figures/exp3_languages.png> <./Figures/Exp1_BLP_screeplt.png>] [64 <./Figures/exp2_BLP_screeplt.png> <./Figures/exp3_BLP_screeplt.png>] [65] [66] [67] [68] [69] [70] [71] [72] [73] [74] [75] [76] [77] [78] [79] [80] [81] [82] [83] [84] [85] [86] [87] [88] [89] [90] [91] [92] [93] [94] [95] [96] [97] [98] [99] [100


] [101] [102] [103] [104] [105] (./main.aux (./Sections/0 - Abstract.aux) (./Sections/1 - Introduction.aux) (./Sections/2 - Methods (1).aux) (./Sections/3 - Results (1).aux) (./Sections/4 - Discussion (1).aux) (./Sections/5 - Methods (2).aux) (./Sections/6 - Results (2).aux) (./Sections/7 - Discussion (2).aux) (./Sections/8 - Methods (3).aux) (./Sections/9 - Results (3).aux) (./Sections/10 - Discussion (3).aux) (./Sections/11 - General Discussion.aux) (./Sections/12 - Conclusion.aux) (./Sections/13 - Supplementary Materials.aux))
 ***********
LaTeX2e <2025-11-01>
L3 programming layer <2025-11-06>
 ***********
Package rerunfilecheck Info: File `main.out' has not changed.
(rerunfilecheck)             Checksum: C1FB7FDD462B5A8E64456185C619C918;6214.
Package logreq Info: Writing requests to 'main.run.xml'.
\openout1 = `main.run.xml'.

 ) 
Here is how much of TeX's memory you used:
 28245 strings out of 467538
 548942 string characters out of 5423724
 1758436 words of memory out of 5000000
 55671 multiletter control sequences out of 15000+600000
 648602 words of font info for 226 fonts, out of 8000000 for 9000
 1141 hyphenation exceptions out of 8191
 85i,14n,133p,2300b,2314s stack positions out of 10000i,1000n,20000p,200000b,200000s
<c:/texlive/2025/texmf-dist/fonts/type1/public/amsfonts/cm/cmbx10.pfb><c:/texlive/2025/texmf-dist/fonts/type1/public/amsfonts/cm/cmbx12.pfb><c:/texlive/2025/texmf-dist/fonts/type1/public/amsfonts/cm/cmbx9.pfb><c:/texlive/2025/texmf-dist/fonts/type1/public/amsfonts/cm/cmbxti10.pfb><c:/texlive/2025/texmf-dist/fonts/type1/public/amsfonts/cm/cmcsc10.pfb><c:/texlive/2025/texmf-dist/fonts/type1/public/amsfonts/cm/cmmi10.pfb><c:/texlive/2025/texmf-dist/fonts/type1/public/amsfonts/cm/cmmi8.pfb><c:/texlive/2025/texmf-dist/fonts/type1/public/amsfonts/cm/cmmib10.pfb><c:/texlive/2025/texmf-dist/fonts/type1/public/amsfonts/cm/cmr10.pfb><c:/texlive/2025/texmf-dist/fonts/type1/public/amsfonts/cm/cmr17.pfb><c:/texlive/2025/texmf-dist/fonts/type1/public/amsfonts/cm/cmr8.pfb><c:/texlive/2025/texmf-dist/fonts/type1/public/amsfonts/cm/cmr9.pfb><c:/texlive/2025/texmf-dist/fonts/type1/public/amsfonts/cm/cmsy10.pfb><c:/texlive/2025/texmf-dist/fonts/type1/public/amsfonts/cm/cmsy8.pfb><c:/texlive/2025/texmf-dist/fonts/type1/public/amsfonts/cm/cmti10.pfb><c:/texlive/2025/texmf-dist/fonts/type1/public/amsfonts/cm/cmti12.pfb><c:/texlive/2025/texmf-dist/fonts/type1/public/amsfonts/cm/cmtt10.pfb>
Output written on main.pdf (106 pages, 9764365 bytes).
PDF statistics:
 1180 PDF objects out of 1200 (max. 8388607)
 962 compressed objects within 10 object streams
 285 named destinations out of 1000 (max. 500000)
 42127 words of extra memory for PDF output out of 42996 (max. 10000000)

